Component: ARM Compiler 5.06 update 7 (build 960) Tool: armlink [4d3601]

==============================================================================

Section Cross References

    startup_stm32f10x_hd.o(RESET) refers to startup_stm32f10x_hd.o(STACK) for __initial_sp
    startup_stm32f10x_hd.o(RESET) refers to startup_stm32f10x_hd.o(.text) for Reset_Handler
    startup_stm32f10x_hd.o(RESET) refers to main.o(i.SysTick_Handler) for SysTick_Handler
    startup_stm32f10x_hd.o(RESET) refers to hw_exti.o(i.EXTI4_IRQHandler) for EXTI4_IRQHandler
    startup_stm32f10x_hd.o(RESET) refers to hw_config.o(i.USB_LP_CAN1_RX0_IRQHandler) for USB_LP_CAN1_RX0_IRQHandler
    startup_stm32f10x_hd.o(RESET) refers to hw_uart.o(i.USART1_IRQHandler) for USART1_IRQHandler
    startup_stm32f10x_hd.o(RESET) refers to bt_phybusif_h4.o(i.USART2_IRQHandler) for USART2_IRQHandler
    startup_stm32f10x_hd.o(.text) refers to system_stm32f10x.o(i.SystemInit) for SystemInit
    startup_stm32f10x_hd.o(.text) refers to entry.o(.ARM.Collect$$$$00000000) for __main
    system_stm32f10x.o(i.SetSysClock) refers to system_stm32f10x.o(i.SetSysClockTo72) for SetSysClockTo72
    system_stm32f10x.o(i.SystemCoreClockUpdate) refers to system_stm32f10x.o(.data) for SystemCoreClock
    system_stm32f10x.o(i.SystemInit) refers to system_stm32f10x.o(i.SetSysClock) for SetSysClock
    stm32f10x_adc.o(i.ADC_DeInit) refers to stm32f10x_rcc.o(i.RCC_APB2PeriphResetCmd) for RCC_APB2PeriphResetCmd
    stm32f10x_bkp.o(i.BKP_DeInit) refers to stm32f10x_rcc.o(i.RCC_BackupResetCmd) for RCC_BackupResetCmd
    stm32f10x_can.o(i.CAN_DeInit) refers to stm32f10x_rcc.o(i.RCC_APB1PeriphResetCmd) for RCC_APB1PeriphResetCmd
    stm32f10x_can.o(i.CAN_GetITStatus) refers to stm32f10x_can.o(i.CheckITStatus) for CheckITStatus
    stm32f10x_cec.o(i.CEC_DeInit) refers to stm32f10x_rcc.o(i.RCC_APB1PeriphResetCmd) for RCC_APB1PeriphResetCmd
    stm32f10x_dac.o(i.DAC_DeInit) refers to stm32f10x_rcc.o(i.RCC_APB1PeriphResetCmd) for RCC_APB1PeriphResetCmd
    stm32f10x_flash.o(i.FLASH_EnableWriteProtection) refers to stm32f10x_flash.o(i.FLASH_WaitForLastOperation) for FLASH_WaitForLastOperation
    stm32f10x_flash.o(i.FLASH_EraseAllBank1Pages) refers to stm32f10x_flash.o(i.FLASH_WaitForLastBank1Operation) for FLASH_WaitForLastBank1Operation
    stm32f10x_flash.o(i.FLASH_EraseAllPages) refers to stm32f10x_flash.o(i.FLASH_WaitForLastOperation) for FLASH_WaitForLastOperation
    stm32f10x_flash.o(i.FLASH_EraseOptionBytes) refers to stm32f10x_flash.o(i.FLASH_GetReadOutProtectionStatus) for FLASH_GetReadOutProtectionStatus
    stm32f10x_flash.o(i.FLASH_EraseOptionBytes) refers to stm32f10x_flash.o(i.FLASH_WaitForLastOperation) for FLASH_WaitForLastOperation
    stm32f10x_flash.o(i.FLASH_ErasePage) refers to stm32f10x_flash.o(i.FLASH_WaitForLastOperation) for FLASH_WaitForLastOperation
    stm32f10x_flash.o(i.FLASH_ProgramHalfWord) refers to stm32f10x_flash.o(i.FLASH_WaitForLastOperation) for FLASH_WaitForLastOperation
    stm32f10x_flash.o(i.FLASH_ProgramOptionByteData) refers to stm32f10x_flash.o(i.FLASH_WaitForLastOperation) for FLASH_WaitForLastOperation
    stm32f10x_flash.o(i.FLASH_ProgramWord) refers to stm32f10x_flash.o(i.FLASH_WaitForLastOperation) for FLASH_WaitForLastOperation
    stm32f10x_flash.o(i.FLASH_ReadOutProtection) refers to stm32f10x_flash.o(i.FLASH_WaitForLastOperation) for FLASH_WaitForLastOperation
    stm32f10x_flash.o(i.FLASH_UserOptionByteConfig) refers to stm32f10x_flash.o(i.FLASH_WaitForLastOperation) for FLASH_WaitForLastOperation
    stm32f10x_flash.o(i.FLASH_WaitForLastBank1Operation) refers to stm32f10x_flash.o(i.FLASH_GetBank1Status) for FLASH_GetBank1Status
    stm32f10x_flash.o(i.FLASH_WaitForLastOperation) refers to stm32f10x_flash.o(i.FLASH_GetBank1Status) for FLASH_GetBank1Status
    stm32f10x_gpio.o(i.GPIO_AFIODeInit) refers to stm32f10x_rcc.o(i.RCC_APB2PeriphResetCmd) for RCC_APB2PeriphResetCmd
    stm32f10x_gpio.o(i.GPIO_DeInit) refers to stm32f10x_rcc.o(i.RCC_APB2PeriphResetCmd) for RCC_APB2PeriphResetCmd
    stm32f10x_i2c.o(i.I2C_DeInit) refers to stm32f10x_rcc.o(i.RCC_APB1PeriphResetCmd) for RCC_APB1PeriphResetCmd
    stm32f10x_i2c.o(i.I2C_Init) refers to stm32f10x_rcc.o(i.RCC_GetClocksFreq) for RCC_GetClocksFreq
    stm32f10x_pwr.o(i.PWR_DeInit) refers to stm32f10x_rcc.o(i.RCC_APB1PeriphResetCmd) for RCC_APB1PeriphResetCmd
    stm32f10x_rcc.o(i.RCC_GetClocksFreq) refers to stm32f10x_rcc.o(.data) for APBAHBPrescTable
    stm32f10x_rcc.o(i.RCC_WaitForHSEStartUp) refers to stm32f10x_rcc.o(i.RCC_GetFlagStatus) for RCC_GetFlagStatus
    stm32f10x_rtc.o(i.RTC_SetAlarm) refers to stm32f10x_rtc.o(i.RTC_EnterConfigMode) for RTC_EnterConfigMode
    stm32f10x_rtc.o(i.RTC_SetAlarm) refers to stm32f10x_rtc.o(i.RTC_ExitConfigMode) for RTC_ExitConfigMode
    stm32f10x_rtc.o(i.RTC_SetCounter) refers to stm32f10x_rtc.o(i.RTC_EnterConfigMode) for RTC_EnterConfigMode
[...]
    Bulk_Data_Buff                           0x20004798   Data          64  usb_bot.o(.bss)
    CBW                                      0x200047d8   Data          32  usb_bot.o(.bss)
    CSW                                      0x200047f8   Data          16  usb_bot.o(.bss)
    EP                                       0x20004808   Data          32  usb_pwr.o(.bss)
    spi_flash_buffer                         0x20004828   Data        4096  hw_spi_flash.o(.bss)
    timer                                    0x200076c8   Data        1024  bt_timer.o(.bss)
    link_key_instance                        0x20007ac8   Data          23  bt_wrapper.o(.bss)
    eir_data                                 0x20007adf   Data         240  bt_wrapper.o(.bss)
    test_value                               0x20007bcf   Data          10  bt_bas.o(.bss)
    gatt_server_pri_service                  0x20007bdc   Data         320  bt_gatt.o(.bss)
    uart_if                                  0x20007d1c   Data          24  bt_phybusif_h4.o(.bss)
    bt_ring_buf                              0x20007d34   Data          16  bt_phybusif_h4.o(.bss)
    bt_rx_buf                                0x20007d44   Data        4096  bt_phybusif_h4.o(.bss)
    bt_dma_rx_buf                            0x20008d44   Data        2048  bt_phybusif_h4.o(.bss)
    bt_tx_buff                               0x20009544   Data        1024  bt_phybusif_h4.o(.bss)
    DMA_UART2                                0x20009944   Data          44  bt_phybusif_h4.o(.bss)
    func_show                                0x20009970   Data          32  main.o(.bss)
    operate_show                             0x20009990   Data          32  main.o(.bss)
    status_show                              0x200099b0   Data          32  main.o(.bss)
    key1_show                                0x200099d0   Data          32  main.o(.bss)
    key2_show                                0x200099f0   Data          32  main.o(.bss)
    key3_show                                0x20009a10   Data          32  main.o(.bss)
    spp_recv_data_json                       0x20009a30   Data        1024  main.o(.bss)
    file_system                              0x20009e30   Data        4144  fs_wrapper.o(.bss)
    file_system_work                         0x2000ae60   Data        4096  fs_wrapper.o(.bss)
    __heap_base                              0x2000be60   Data           0  startup_stm32f10x_hd.o(HEAP)
    __heap_limit                             0x2000ce60   Data           0  startup_stm32f10x_hd.o(HEAP)
    __initial_sp                             0x2000de60   Data           0  startup_stm32f10x_hd.o(STACK)



==============================================================================

Memory Map of the image

  Image Entry point : 0x08000131

  Load Region LR_IROM1 (Base: 0x08000000, Size: 0x000146dc, Max: 0x00080000, ABSOLUTE, COMPRESSED[0x00014388])

    Execution Region ER_IROM1 (Exec base: 0x08000000, Load base: 0x08000000, Size: 0x00014060, Max: 0x00080000, ABSOLUTE)

    Exec Addr    Load Addr    Size         Type   Attr      Idx    E Section Name        Object

    0x08000000   0x08000000   0x00000130   Data   RO            3    RESET               startup_stm32f10x_hd.o
    0x08000130   0x08000130   0x00000000   Code   RO        10295  * .ARM.Collect$$$$00000000  mc_w.l(entry.o)
    0x08000130   0x08000130   0x00000004   Code   RO        10636    .ARM.Collect$$$$00000001  mc_w.l(entry2.o)
    0x08000134   0x08000134   0x00000004   Code   RO        10639    .ARM.Collect$$$$00000004  mc_w.l(entry5.o)
    0x08000138   0x08000138   0x00000000   Code   RO        10641    .ARM.Collect$$$$00000008  mc_w.l(entry7b.o)
    0x08000138   0x08000138   0x00000000   Code   RO        10643    .ARM.Collect$$$$0000000A  mc_w.l(entry8b.o)
    0x08000138   0x08000138   0x00000008   Code   RO        10644    .ARM.Collect$$$$0000000B  mc_w.l(entry9a.o)
    0x08000140   0x08000140   0x00000004   Code   RO        10651    .ARM.Collect$$$$0000000E  mc_w.l(entry12b.o)
    0x08000144   0x08000144   0x00000000   Code   RO        10646    .ARM.Collect$$$$0000000F  mc_w.l(entry10a.o)
    0x08000144   0x08000144   0x00000000   Code   RO        10648    .ARM.Collect$$$$00000011  mc_w.l(entry11a.o)
    0x08000144   0x08000144   0x00000004   Code   RO        10637    .ARM.Collect$$$$00002712  mc_w.l(entry2.o)
    0x08000148   0x08000148   0x00000024   Code   RO            4    .text               startup_stm32f10x_hd.o
    0x0800016c   0x0800016c   0x00000062   Code   RO        10299    .text               mc_w.l(uldiv.o)
    0x080001ce   0x080001ce   0x0000001e   Code   RO        10301    .text               mc_w.l(llshl.o)
    0x080001ec   0x080001ec   0x0000000c   Code   RO        10303    .text               mc_w.l(tolower.o)
    0x080001f8   0x080001f8   0x00000028   Code   RO        10305    .text               mc_w.l(memcpy.o)
    0x08000220   0x08000220   0x00000024   Code   RO        10311    .text               mc_w.l(memseta.o)
    0x08000244   0x08000244   0x0000000e   Code   RO        10313    .text               mc_w.l(strlen.o)
    0x08000252   0x08000252   0x0000001c   Code   RO        10315    .text               mc_w.l(strcmp.o)
    0x0800026e   0x0800026e   0x0000001a   Code   RO        10317    .text               mc_w.l(memcmp.o)
    0x08000288   0x08000288   0x00000012   Code   RO        10319    .text               mc_w.l(strcpy.o)
    0x0800029a   0x0800029a   0x0000001e   Code   RO        10321    .text               mc_w.l(strncmp.o)
    0x080002b8   0x080002b8   0x00000038   Code   RO        10616    .text               mc_w.l(sscanf.o)
    0x080002f0   0x080002f0   0x0000001a   Code   RO        10618    .text               mc_w.l(atoi.o)
    0x0800030a   0x0800030a   0x0000014e   Code   RO        10620    .text               mf_w.l(dadd.o)
    0x08000458   0x08000458   0x000000e4   Code   RO        10622    .text               mf_w.l(dmul.o)
    0x0800053c   0x0800053c   0x0000003e   Code   RO        10628    .text               mf_w.l(dfixi.o)
    0x0800057a   0x0800057a   0x00000002   PAD
    0x0800057c   0x0800057c   0x00000030   Code   RO        10632    .text               mf_w.l(cdcmple.o)
    0x080005ac   0x080005ac   0x00000030   Code   RO        10634    .text               mf_w.l(cdrcmple.o)
    0x080005dc   0x080005dc   0x0000002c   Code   RO        10652    .text               mc_w.l(uidiv.o)
    0x08000608   0x08000608   0x00000020   Code   RO        10654    .text               mc_w.l(llushr.o)
    0x08000628   0x08000628   0x00000024   Code   RO        10656    .text               mc_w.l(llsshr.o)
    0x0800064c   0x0800064c   0x00000156   Code   RO        10667    .text               mc_w.l(_scanf_longlong.o)
    0x080007a2   0x080007a2   0x0000014c   Code   RO        10669    .text               mc_w.l(_scanf_int.o)
    0x080008ee   0x080008ee   0x000000e0   Code   RO        10671    .text               mc_w.l(_scanf_str.o)
    0x080009ce   0x080009ce   0x00000002   PAD
    0x080009d0   0x080009d0   0x00000360   Code   RO        10673    .text               mc_w.l(scanf_fp.o)
    0x08000d30   0x08000d30   0x00000028   Code   RO        10677    .text               mc_w.l(scanf_char.o)
    0x08000d58   0x08000d58   0x00000040   Code   RO        10679    .text               mc_w.l(_sgetc.o)
    0x08000d98   0x08000d98   0x0000009c   Code   RO        10681    .text               mc_w.l(strtod.o)
    0x08000e34   0x08000e34   0x00000070   Code   RO        10683    .text               mc_w.l(strtol.o)
    0x08000ea4   0x08000ea4   0x00000000   Code   RO        10685    .text               mc_w.l(iusefp.o)
    0x08000ea4   0x08000ea4   0x000000ba   Code   RO        10686    .text               mf_w.l(depilogue.o)
    0x08000f5e   0x08000f5e   0x000000de   Code   RO        10688    .text               mf_w.l(ddiv.o)
    0x0800103c   0x0800103c   0x00000030   Code   RO        10690    .text               mf_w.l(dfixul.o)
    0x0800106c   0x0800106c   0x00000024   Code   RO        10692    .text               mc_w.l(init.o)
    0x08001090   0x08001090   0x00000008   Code   RO        10696    .text               mc_w.l(ctype_o.o)
    0x08001098   0x08001098   0x00000012   Code   RO        10718    .text               mc_w.l(isspace_o.o)
    0x080010aa   0x080010aa   0x0000001c   Code   RO        10724    .text               mc_w.l(_chval.o)
    0x080010c6   0x080010c6   0x00000002   PAD
    0x080010c8   0x080010c8   0x00000330   Code   RO        10726    .text               mc_w.l(_scanf.o)
    0x080013f8   0x080013f8   0x0000009e   Code   RO        10728    .text               mc_w.l(_strtoul.o)
    0x08001496   0x08001496   0x00000018   Code   RO        10730    .text               mf_w.l(dfltul.o)
    0x080014ae   0x080014ae   0x00000038   Code   RO        10732    .text               mf_w.l(d2f.o)
    0x080014e6   0x080014e6   0x0000006e   Code   RO        10737    .text               mf_w.l(fepilogue.o)
    0x08001554   0x08001554   0x00000056   Code   RO        10747    .text               mc_w.l(__dczerorl2.o)
    0x080015aa   0x080015aa   0x00000040   Code   RO         4748    i.Bot_Abort         usb_bot.o
    0x080015ea   0x080015ea   0x0000000c   Code   RO         3698    i.ByteSwap          usb_regs.o
    0x080015f6   0x080015f6   0x00000002   PAD
    0x080015f8   0x080015f8   0x000002c4   Code   RO         4749    i.CBW_Decode        usb_bot.o
    0x080018bc   0x080018bc   0x00000288   Code   RO         3619    i.CTR_LP            usb_int.o
    0x08001b44   0x08001b44   0x00000034   Code   RO         3699    i.ClearDTOG_RX      usb_regs.o
    0x08001b78   0x08001b78   0x00000034   Code   RO         3700    i.ClearDTOG_TX      usb_regs.o
    0x08001bac   0x08001bac   0x00000028   Code   RO         3705    i.Clear_Status_Out  usb_regs.o
    0x08001bd4   0x08001bd4   0x00000018   Code   RO          978    i.DMA_Cmd           stm32f10x_dma.o
    0x08001bec   0x08001bec   0x0000014c   Code   RO          979    i.DMA_DeInit        stm32f10x_dma.o
    0x08001d38   0x08001d38   0x00000008   Code   RO          980    i.DMA_GetCurrDataCounter  stm32f10x_dma.o
    0x08001d40   0x08001d40   0x0000003c   Code   RO          984    i.DMA_Init          stm32f10x_dma.o
    0x08001d7c   0x08001d7c   0x00000004   Code   RO          985    i.DMA_SetCurrDataCounter  stm32f10x_dma.o
    0x08001d80   0x08001d80   0x000000c0   Code   RO         3398    i.DataStageIn       usb_core.o
    0x08001e40   0x08001e40   0x000000bc   Code   RO         3399    i.DataStageOut      usb_core.o
    0x08001efc   0x08001efc   0x00000298   Code   RO         3400    i.Data_Setup0       usb_core.o
    0x08002194   0x08002194   0x00000008   Code   RO         4844    i.EP1_IN_Callback   usb_endp.o
    0x0800219c   0x0800219c   0x00000008   Code   RO         4845    i.EP2_OUT_Callback  usb_endp.o
    0x080021a4   0x080021a4   0x00000034   Code   RO         4496    i.EXTI4_IRQHandler  hw_exti.o
    0x080021d8   0x080021d8   0x0000000c   Code   RO         1061    i.EXTI_ClearITPendingBit  stm32f10x_exti.o
    0x080021e4   0x080021e4   0x00000094   Code   RO         1066    i.EXTI_Init         stm32f10x_exti.o
    0x08002278   0x08002278   0x0000000c   Code   RO         4524    i.Enter_LowPowerMode  hw_config.o
    0x08002284   0x08002284   0x00000040   Code   RO         1447    i.GPIO_EXTILineConfig  stm32f10x_gpio.o
    0x080022c4   0x080022c4   0x00000116   Code   RO         1450    i.GPIO_Init         stm32f10x_gpio.o
    0x080023da   0x080023da   0x00000002   PAD
    0x080023dc   0x080023dc   0x00000090   Code   RO         1452    i.GPIO_PinRemapConfig  stm32f10x_gpio.o
    0x0800246c   0x0800246c   0x00000012   Code   RO         1454    i.GPIO_ReadInputDataBit  stm32f10x_gpio.o
    0x0800247e   0x0800247e   0x00000004   Code   RO         1457    i.GPIO_ResetBits    stm32f10x_gpio.o
    0x08002482   0x08002482   0x00000004   Code   RO         1458    i.GPIO_SetBits      stm32f10x_gpio.o
    0x08002486   0x08002486   0x0000000a   Code   RO         1461    i.GPIO_WriteBit     stm32f10x_gpio.o
    0x08002490   0x08002490   0x00000020   Code   RO         3717    i.GetEPRxAddr       usb_regs.o
    0x080024b0   0x080024b0   0x00000024   Code   RO         3718    i.GetEPRxCount      usb_regs.o
    0x080024d4   0x080024d4   0x00000018   Code   RO         3719    i.GetEPRxStatus     usb_regs.o
    0x080024ec   0x080024ec   0x00000020   Code   RO         3720    i.GetEPTxAddr       usb_regs.o
    0x0800250c   0x0800250c   0x0000001c   Code   RO         4912    i.Get_Max_Lun       usb_prop.o
    0x08002528   0x08002528   0x00000034   Code   RO         4525    i.Get_SerialNum     hw_config.o
    0x0800255c   0x0800255c   0x00000070   Code   RO         3401    i.In0_Process       usb_core.o
    0x080025cc   0x080025cc   0x0000003e   Code   RO         4526    i.IntToUnicode      hw_config.o
    0x0800260a   0x0800260a   0x00000002   PAD
    0x0800260c   0x0800260c   0x00000020   Code   RO         4527    i.Leave_LowPowerMode  hw_config.o
    0x0800262c   0x0800262c   0x00000034   Code   RO         4616    i.MAL_GetStatus     mass_mal.o
    0x08002660   0x08002660   0x00000026   Code   RO         4618    i.MAL_Read          mass_mal.o
    0x08002686   0x08002686   0x00000026   Code   RO         4619    i.MAL_Write         mass_mal.o
    0x080026ac   0x080026ac   0x00000060   Code   RO         4913    i.MASS_Data_Setup   usb_prop.o
    0x0800270c   0x0800270c   0x00000014   Code   RO         4914    i.MASS_GetConfigDescriptor  usb_prop.o
    0x08002720   0x08002720   0x00000014   Code   RO         4915    i.MASS_GetDeviceDescriptor  usb_prop.o
    0x08002734   0x08002734   0x00000028   Code   RO         4916    i.MASS_GetStringDescriptor  usb_prop.o
    0x0800275c   0x0800275c   0x00000016   Code   RO         4917    i.MASS_Get_Interface_Setting  usb_prop.o
    0x08002772   0x08002772   0x00000002   PAD
    0x08002774   0x08002774   0x0000005c   Code   RO         4918    i.MASS_NoData_Setup  usb_prop.o
    0x080027d0   0x080027d0   0x000000ec   Code   RO         4919    i.MASS_Reset        usb_prop.o
    0x080028bc   0x080028bc   0x00000002   Code   RO         4920    i.MASS_Status_In    usb_prop.o
    0x080028be   0x080028be   0x00000002   Code   RO         4921    i.MASS_Status_Out   usb_prop.o
    0x080028c0   0x080028c0   0x00000028   Code   RO         4922    i.MASS_init         usb_prop.o
    0x080028e8   0x080028e8   0x0000001c   Code   RO         4923    i.Mass_Storage_ClearFeature  usb_prop.o
    0x08002904   0x08002904   0x0000008c   Code   RO         4750    i.Mass_Storage_In   usb_bot.o
    0x08002990   0x08002990   0x00000090   Code   RO         4751    i.Mass_Storage_Out  usb_bot.o
    0x08002a20   0x08002a20   0x00000030   Code   RO         4924    i.Mass_Storage_SetConfiguration  usb_prop.o
    0x08002a50   0x08002a50   0x0000000c   Code   RO         4925    i.Mass_Storage_SetDeviceAddress  usb_prop.o
    0x08002a5c   0x08002a5c   0x00000002   Code   RO         3402    i.NOP_Process       usb_core.o
    0x08002a5e   0x08002a5e   0x00000002   PAD
    0x08002a60   0x08002a60   0x00000070   Code   RO          151    i.NVIC_Init         misc.o
    0x08002ad0   0x08002ad0   0x00000014   Code   RO          152    i.NVIC_PriorityGroupConfig  misc.o
    0x08002ae4   0x08002ae4   0x00000138   Code   RO         3403    i.NoData_Setup0     usb_core.o
    0x08002c1c   0x08002c1c   0x00000050   Code   RO         3404    i.Out0_Process      usb_core.o
    0x08002c6c   0x08002c6c   0x00000028   Code   RO         3664    i.PMAToUserBufferCopy  usb_mem.o
    0x08002c94   0x08002c94   0x00000048   Code   RO         3405    i.Post0_Process     usb_core.o
    0x08002cdc   0x08002cdc   0x00000040   Code   RO         5034    i.PowerOn           usb_pwr.o
    0x08002d1c   0x08002d1c   0x00000020   Code   RO         1913    i.RCC_AHBPeriphClockCmd  stm32f10x_rcc.o
    0x08002d3c   0x08002d3c   0x00000020   Code   RO         1914    i.RCC_APB1PeriphClockCmd  stm32f10x_rcc.o
    0x08002d5c   0x08002d5c   0x00000020   Code   RO         1915    i.RCC_APB1PeriphResetCmd  stm32f10x_rcc.o
    0x08002d7c   0x08002d7c   0x00000020   Code   RO         1916    i.RCC_APB2PeriphClockCmd  stm32f10x_rcc.o
    0x08002d9c   0x08002d9c   0x00000020   Code   RO         1917    i.RCC_APB2PeriphResetCmd  stm32f10x_rcc.o
    0x08002dbc   0x08002dbc   0x000000d4   Code   RO         1924    i.RCC_GetClocksFreq  stm32f10x_rcc.o
    0x08002e90   0x08002e90   0x0000000c   Code   RO         1942    i.RCC_USBCLKConfig  stm32f10x_rcc.o
    0x08002e9c   0x08002e9c   0x00000104   Code   RO         4668    i.Read_Memory       memory.o
    0x08002fa0   0x08002fa0   0x000000d0   Code   RO         5035    i.Resume            usb_pwr.o
    0x08003070   0x08003070   0x00000024   Code   RO         5036    i.Resume_Init       usb_pwr.o
    0x08003094   0x08003094   0x0000008c   Code   RO         5092    i.SCSI_Address_Management  usb_scsi.o
    0x08003120   0x08003120   0x00000030   Code   RO         5093    i.SCSI_Format_Cmd   usb_scsi.o
    0x08003150   0x08003150   0x00000048   Code   RO         5094    i.SCSI_Inquiry_Cmd  usb_scsi.o
    0x08003198   0x08003198   0x00000044   Code   RO         5095    i.SCSI_Invalid_Cmd  usb_scsi.o
    0x080031dc   0x080031dc   0x00000014   Code   RO         5096    i.SCSI_ModeSense10_Cmd  usb_scsi.o
    0x080031f0   0x080031f0   0x00000014   Code   RO         5097    i.SCSI_ModeSense6_Cmd  usb_scsi.o
    0x08003204   0x08003204   0x00000078   Code   RO         5098    i.SCSI_Read10_Cmd   usb_scsi.o
    0x0800327c   0x0800327c   0x0000009c   Code   RO         5099    i.SCSI_ReadCapacity10_Cmd  usb_scsi.o
    0x08003318   0x08003318   0x00000088   Code   RO         5100    i.SCSI_ReadFormatCapacity_Cmd  usb_scsi.o
    0x080033a0   0x080033a0   0x00000028   Code   RO         5101    i.SCSI_RequestSense_Cmd  usb_scsi.o
    0x080033c8   0x080033c8   0x0000000e   Code   RO         5102    i.SCSI_Start_Stop_Unit_Cmd  usb_scsi.o
    0x080033d6   0x080033d6   0x00000002   PAD
    0x080033d8   0x080033d8   0x00000038   Code   RO         5103    i.SCSI_TestUnitReady_Cmd  usb_scsi.o
    0x08003410   0x08003410   0x00000040   Code   RO         5105    i.SCSI_Verify10_Cmd  usb_scsi.o
    0x08003450   0x08003450   0x00000078   Code   RO         5106    i.SCSI_Write10_Cmd  usb_scsi.o
    0x080034c8   0x080034c8   0x00000018   Code   RO         2429    i.SPI_Cmd           stm32f10x_spi.o
    0x080034e0   0x080034e0   0x00000012   Code   RO         2437    i.SPI_I2S_GetFlagStatus  stm32f10x_spi.o
    0x080034f2   0x080034f2   0x00000006   Code   RO         2440    i.SPI_I2S_ReceiveData  stm32f10x_spi.o
    0x080034f8   0x080034f8   0x00000004   Code   RO         2441    i.SPI_I2S_SendData  stm32f10x_spi.o
    0x080034fc   0x080034fc   0x0000003c   Code   RO         2442    i.SPI_Init          stm32f10x_spi.o
    0x08003538   0x08003538   0x00000010   Code   RO         3728    i.SetBTABLE         usb_regs.o
    0x08003548   0x08003548   0x00000050   Code   RO         3406    i.SetDeviceAddress  usb_core.o
    0x08003598   0x08003598   0x00000024   Code   RO         3742    i.SetEPRxAddr       usb_regs.o
    0x080035bc   0x080035bc   0x0000004c   Code   RO         3743    i.SetEPRxCount      usb_regs.o
    0x08003608   0x08003608   0x00000040   Code   RO         3744    i.SetEPRxStatus     usb_regs.o
    0x08003648   0x08003648   0x00000034   Code   RO         3745    i.SetEPRxValid      usb_regs.o
    0x0800367c   0x0800367c   0x00000020   Code   RO         3746    i.SetEPTxAddr       usb_regs.o
    0x0800369c   0x0800369c   0x0000001c   Code   RO         3747    i.SetEPTxCount      usb_regs.o
    0x080036b8   0x080036b8   0x00000040   Code   RO         3748    i.SetEPTxStatus     usb_regs.o
    0x080036f8   0x080036f8   0x00000024   Code   RO         3750    i.SetEPType         usb_regs.o
    0x0800371c   0x0800371c   0x00000008   Code   RO           13    i.SetSysClock       system_stm32f10x.o
    0x08003724   0x08003724   0x000000e0   Code   RO           14    i.SetSysClockTo72   system_stm32f10x.o
    0x08003804   0x08003804   0x0000003c   Code   RO         4752    i.Set_CSW           usb_bot.o
    0x08003840   0x08003840   0x0000000c   Code   RO         5107    i.Set_Scsi_Sense_Data  usb_scsi.o
    0x0800384c   0x0800384c   0x00000012   Code   RO         4529    i.Set_USBClock      hw_config.o
    0x0800385e   0x0800385e   0x00000002   PAD
    0x08003860   0x08003860   0x000000b8   Code   RO         3407    i.Setup0_Process    usb_core.o
    0x08003918   0x08003918   0x0000016c   Code   RO         3408    i.Standard_ClearFeature  usb_core.o
    0x08003a84   0x08003a84   0x0000002c   Code   RO         3409    i.Standard_GetConfiguration  usb_core.o
    0x08003ab0   0x08003ab0   0x00000024   Code   RO         3410    i.Standard_GetDescriptorData  usb_core.o
    0x08003ad4   0x08003ad4   0x0000002c   Code   RO         3411    i.Standard_GetInterface  usb_core.o
    0x08003b00   0x08003b00   0x00000100   Code   RO         3412    i.Standard_GetStatus  usb_core.o
    0x08003c00   0x08003c00   0x00000048   Code   RO         3413    i.Standard_SetConfiguration  usb_core.o
    0x08003c48   0x08003c48   0x00000028   Code   RO         3414    i.Standard_SetDeviceFeature  usb_core.o
    0x08003c70   0x08003c70   0x000000d0   Code   RO         3415    i.Standard_SetEndPointFeature  usb_core.o
    0x08003d40   0x08003d40   0x0000006c   Code   RO         3416    i.Standard_SetInterface  usb_core.o
    0x08003dac   0x08003dac   0x0000009c   Code   RO         5037    i.Suspend           usb_pwr.o
    0x08003e48   0x08003e48   0x00000018   Code   RO         9675    i.SysTick_Handler   main.o
    0x08003e60   0x08003e60   0x00000060   Code   RO           16    i.SystemInit        system_stm32f10x.o
    0x08003ec0   0x08003ec0   0x00000018   Code   RO         2596    i.TIM_Cmd           stm32f10x_tim.o
    0x08003ed8   0x08003ed8   0x00000006   Code   RO         2615    i.TIM_GetCounter    stm32f10x_tim.o
    0x08003ede   0x08003ede   0x00000002   PAD
    0x08003ee0   0x08003ee0   0x000000a4   Code   RO         2667    i.TIM_TimeBaseInit  stm32f10x_tim.o
    0x08003f84   0x08003f84   0x00000012   Code   RO         2668    i.TIM_TimeBaseStructInit  stm32f10x_tim.o
    0x08003f96   0x08003f96   0x00000002   PAD
    0x08003f98   0x08003f98   0x00000038   Code   RO         4753    i.Transfer_Data_Request  usb_bot.o
    0x08003fd0   0x08003fd0   0x00000058   Code   RO         4406    i.USART1_IRQHandler  hw_uart.o
    0x08004028   0x08004028   0x000000a4   Code   RO         9556    i.USART2_IRQHandler  bt_phybusif_h4.o
    0x080040cc   0x080040cc   0x0000001e   Code   RO         3141    i.USART_ClearITPendingBit  stm32f10x_usart.o
    0x080040ea   0x080040ea   0x00000018   Code   RO         3144    i.USART_Cmd         stm32f10x_usart.o
    0x08004102   0x08004102   0x00000012   Code   RO         3145    i.USART_DMACmd      stm32f10x_usart.o
    0x08004114   0x08004114   0x0000009c   Code   RO         3146    i.USART_DeInit      stm32f10x_usart.o
    0x080041b0   0x080041b0   0x0000001a   Code   RO         3147    i.USART_GetFlagStatus  stm32f10x_usart.o
    0x080041ca   0x080041ca   0x00000054   Code   RO         3148    i.USART_GetITStatus  stm32f10x_usart.o
    0x0800421e   0x0800421e   0x0000004a   Code   RO         3150    i.USART_ITConfig    stm32f10x_usart.o
    0x08004268   0x08004268   0x000000d8   Code   RO         3151    i.USART_Init        stm32f10x_usart.o
    0x08004340   0x08004340   0x0000000a   Code   RO         3158    i.USART_ReceiveData  stm32f10x_usart.o
    0x0800434a   0x0800434a   0x00000008   Code   RO         3161    i.USART_SendData    stm32f10x_usart.o
    0x08004352   0x08004352   0x00000002   Code   RO         4530    i.USB_Cable_Config  hw_config.o
    0x08004354   0x08004354   0x0000003c   Code   RO         3579    i.USB_Init          usb_init.o
    0x08004390   0x08004390   0x00000022   Code   RO         4531    i.USB_Interrupts_Config  hw_config.o
    0x080043b2   0x080043b2   0x00000002   PAD
    0x080043b4   0x080043b4   0x000000f8   Code   RO         4878    i.USB_Istr          usb_istr.o
    0x080044ac   0x080044ac   0x00000008   Code   RO         4532    i.USB_LP_CAN1_RX0_IRQHandler  hw_config.o
    0x080044b4   0x080044b4   0x00000024   Code   RO         4074    i.USB_SIL_Init      usb_sil.o
    0x080044d8   0x080044d8   0x0000002e   Code   RO         4075    i.USB_SIL_Read      usb_sil.o
    0x08004506   0x08004506   0x0000002e   Code   RO         4076    i.USB_SIL_Write     usb_sil.o
    0x08004534   0x08004534   0x00000038   Code   RO         3665    i.UserToPMABufferCopy  usb_mem.o
    0x0800456c   0x0800456c   0x00000128   Code   RO         4669    i.Write_Memory      memory.o
    0x08004694   0x08004694   0x00000020   Code   RO        10560    i.__0printf         mc_w.l(printfa.o)
    0x080046b4   0x080046b4   0x00000028   Code   RO        10562    i.__0sprintf        mc_w.l(printfa.o)
    0x080046dc   0x080046dc   0x00000008   Code   RO        10660    i.__aeabi_errno_addr  mc_w.l(errno.o)
    0x080046e4   0x080046e4   0x0000005c   Code   RO        10592    i.__free$realloc    mc_w.l(mallocr.o)
    0x08004740   0x08004740   0x00000050   Code   RO        10593    i.__malloc$realloc  mc_w.l(mallocr.o)
    0x08004790   0x08004790   0x0000000e   Code   RO        10741    i.__scatterload_copy  mc_w.l(handlers.o)
    0x0800479e   0x0800479e   0x00000002   Code   RO        10742    i.__scatterload_null  mc_w.l(handlers.o)
    0x080047a0   0x080047a0   0x0000000e   Code   RO        10743    i.__scatterload_zeroinit  mc_w.l(handlers.o)
    0x080047ae   0x080047ae   0x00000002   PAD
    0x080047b0   0x080047b0   0x00000184   Code   RO        10567    i._fp_digits        mc_w.l(printfa.o)
    0x08004934   0x08004934   0x0000013c   Code   RO         5596    i._hci_cmd_comp_evt_process  bt_hci.o
    0x08004a70   0x08004a70   0x00000034   Code   RO         5597    i._hci_cmd_status_evt_process  bt_hci.o
    0x08004aa4   0x08004aa4   0x00000118   Code   RO         5598    i._hci_conn_comp_evt_process  bt_hci.o
    0x08004bbc   0x08004bbc   0x000000ac   Code   RO         5599    i._hci_conn_req_evt_process  bt_hci.o
    0x08004c68   0x08004c68   0x00000006   Code   RO         5600    i._hci_data_buf_overflow_evt_process  bt_hci.o
    0x08004c6e   0x08004c6e   0x00000002   PAD
    0x08004c70   0x08004c70   0x00000070   Code   RO         5601    i._hci_delete_link  bt_hci.o
    0x08004ce0   0x08004ce0   0x00000094   Code   RO         5602    i._hci_disconn_comp_evt_process  bt_hci.o
    0x08004d74   0x08004d74   0x00000006   Code   RO         5603    i._hci_encryption_change_evt_process  bt_hci.o
    0x08004d7a   0x08004d7a   0x00000002   PAD
    0x08004d7c   0x08004d7c   0x0000004c   Code   RO         5605    i._hci_get_link_by_addr  bt_hci.o
    0x08004dc8   0x08004dc8   0x00000020   Code   RO         5606    i._hci_get_link_by_handle  bt_hci.o
    0x08004de8   0x08004de8   0x00000006   Code   RO         5607    i._hci_hw_err_evt_process  bt_hci.o
    0x08004dee   0x08004dee   0x00000002   PAD
    0x08004df0   0x08004df0   0x00000204   Code   RO         5608    i._hci_init_cmd_compl_process  bt_hci.o
    0x08004ff4   0x08004ff4   0x00000038   Code   RO         5609    i._hci_init_process  bt_hci.o
    0x0800502c   0x0800502c   0x00000020   Code   RO         5610    i._hci_inq_comp_evt_process  bt_hci.o
    0x0800504c   0x0800504c   0x00000150   Code   RO         5611    i._hci_inq_result_evt_process  bt_hci.o
    0x0800519c   0x0800519c   0x00000030   Code   RO         5612    i._hci_io_cap_req_evt_process  bt_hci.o
    0x080051cc   0x080051cc   0x000000e4   Code   RO         5613    i._hci_le_meta_evt_process  bt_hci.o
    0x080052b0   0x080052b0   0x00000038   Code   RO         5614    i._hci_linkkey_notify_evt_process  bt_hci.o
    0x080052e8   0x080052e8   0x00000028   Code   RO         5615    i._hci_linkkey_req_evt_process  bt_hci.o
    0x08005310   0x08005310   0x00000006   Code   RO         5616    i._hci_max_slot_change_evt_process  bt_hci.o
    0x08005316   0x08005316   0x00000006   Code   RO         5617    i._hci_mode_change_evt_process  bt_hci.o
    0x0800531c   0x0800531c   0x0000001c   Code   RO         5618    i._hci_new_link     bt_hci.o
    0x08005338   0x08005338   0x00000048   Code   RO         5619    i._hci_number_comp_evt_process  bt_hci.o
    0x08005380   0x08005380   0x00000028   Code   RO         5620    i._hci_pin_req_handle  bt_hci.o
    0x080053a8   0x080053a8   0x00000030   Code   RO         5621    i._hci_pincode_req_evt_process  bt_hci.o
    0x080053d8   0x080053d8   0x00000006   Code   RO         5622    i._hci_qos_setup_evt_process  bt_hci.o
    0x080053de   0x080053de   0x00000002   PAD
    0x080053e0   0x080053e0   0x0000002c   Code   RO         5623    i._hci_remote_name_req_evt_process  bt_hci.o
    0x0800540c   0x0800540c   0x0000000c   Code   RO         5624    i._hci_reset_cmd_timeout  bt_hci.o
    0x08005418   0x08005418   0x00000006   Code   RO         5625    i._hci_role_change_evt_process  bt_hci.o
    0x0800541e   0x0800541e   0x00000002   PAD
    0x08005420   0x08005420   0x00000048   Code   RO         5626    i._hci_sco_conn_comp_evt_process  bt_hci.o
    0x08005468   0x08005468   0x0000002c   Code   RO         5627    i._hci_set_chip_name  bt_hci.o
    0x08005494   0x08005494   0x00000012   Code   RO         5628    i._hci_usr_confim_req_evt_process  bt_hci.o
    0x080054a6   0x080054a6   0x00000006   Code   RO         5629    i._hci_vendor_evt_process  bt_hci.o
    0x080054ac   0x080054ac   0x00000024   Code   RO         5630    i._hci_vendor_init  bt_hci.o
    0x080054d0   0x080054d0   0x00000018   Code   RO         5631    i._hci_vendor_init_done  bt_hci.o
    0x080054e8   0x080054e8   0x0000000e   Code   RO        10675    i._is_digit         mc_w.l(scanf_fp.o)
    0x080054f6   0x080054f6   0x00000002   PAD
    0x080054f8   0x080054f8   0x00000034   Code   RO         6335    i._l2cap_cid_alloc  bt_l2cap.o
    0x0800552c   0x0800552c   0x00000026   Code   RO         6336    i._l2cap_classical_sig_cid_process  bt_l2cap.o
    0x08005552   0x08005552   0x00000010   Code   RO         6337    i._l2cap_connless_cid_process  bt_l2cap.o
    0x08005562   0x08005562   0x0000007e   Code   RO         6338    i._l2cap_dynamic_cid_process  bt_l2cap.o
    0x080055e0   0x080055e0   0x00000074   Code   RO         6339    i._l2cap_fixed_cid_process  bt_l2cap.o
    0x08005654   0x08005654   0x00000020   Code   RO         6340    i._l2cap_next_sigid  bt_l2cap.o
    0x08005674   0x08005674   0x00000010   Code   RO         6341    i._l2cap_null_cid_process  bt_l2cap.o
    0x08005684   0x08005684   0x0000027c   Code   RO         6342    i._l2cap_sig_cfg_req_process  bt_l2cap.o
    0x08005900   0x08005900   0x00000264   Code   RO         6343    i._l2cap_sig_cfg_rsp_process  bt_l2cap.o
    0x08005b64   0x08005b64   0x00000074   Code   RO         6344    i._l2cap_sig_cmd_reject_process  bt_l2cap.o
    0x08005bd8   0x08005bd8   0x0000012c   Code   RO         6345    i._l2cap_sig_conn_req_process  bt_l2cap.o
    0x08005d04   0x08005d04   0x0000015c   Code   RO         6346    i._l2cap_sig_conn_rsp_process  bt_l2cap.o
    0x08005e60   0x08005e60   0x000000c4   Code   RO         6347    i._l2cap_sig_disconn_req_process  bt_l2cap.o
    0x08005f24   0x08005f24   0x00000080   Code   RO         6348    i._l2cap_sig_disconn_rsp_process  bt_l2cap.o
    0x08005fa4   0x08005fa4   0x00000026   Code   RO         6349    i._l2cap_sig_echo_req_process  bt_l2cap.o
    0x08005fca   0x08005fca   0x00000002   PAD
    0x08005fcc   0x08005fcc   0x000000dc   Code   RO         6350    i._l2cap_sig_echo_rsp_process  bt_l2cap.o
    0x080060a8   0x080060a8   0x000000fa   Code   RO         6351    i._l2cap_sig_info_req_process  bt_l2cap.o
    0x080061a2   0x080061a2   0x00000006   Code   RO         6352    i._l2cap_sig_info_rsp_process  bt_l2cap.o
    0x080061a8   0x080061a8   0x00000032   Code   RO         6353    i._l2cap_sig_unsupport_process  bt_l2cap.o
    0x080061da   0x080061da   0x000000d4   Code   RO         6354    i._l2cap_signal_send  bt_l2cap.o
    0x080062ae   0x080062ae   0x00000002   PAD
    0x080062b0   0x080062b0   0x000006b4   Code   RO        10568    i._printf_core      mc_w.l(printfa.o)
    0x08006964   0x08006964   0x00000024   Code   RO        10569    i._printf_post_padding  mc_w.l(printfa.o)
    0x08006988   0x08006988   0x0000002e   Code   RO        10570    i._printf_pre_padding  mc_w.l(printfa.o)
    0x080069b6   0x080069b6   0x0000000a   Code   RO        10572    i._sputc            mc_w.l(printfa.o)
    0x080069c0   0x080069c0   0x0000002e   Code   RO         8934    i.add_item_to_array  cjson.o
    0x080069ee   0x080069ee   0x00000076   Code   RO         8935    i.add_item_to_object  cjson.o
    0x08006a64   0x08006a64   0x00000028   Code   RO         8310    i.att_connect_ind   bt_att.o
    0x08006a8c   0x08006a8c   0x0000003c   Code   RO         8311    i.att_disconnect_ind  bt_att.o
    0x08006ac8   0x08006ac8   0x000000c4   Code   RO         8312    i.att_err_rsp       bt_att.o
    0x08006b8c   0x08006b8c   0x00000004   Code   RO         8313    i.att_exc_write_rsp  bt_att.o
    0x08006b90   0x08006b90   0x000000c0   Code   RO         8314    i.att_find_info_rsp  bt_att.o
    0x08006c50   0x08006c50   0x00000020   Code   RO         8318    i.att_init          bt_att.o
    0x08006c70   0x08006c70   0x00000054   Code   RO         8319    i.att_input         bt_att.o
    0x08006cc4   0x08006cc4   0x000000b4   Code   RO         8321    i.att_mtu_rsp       bt_att.o
    0x08006d78   0x08006d78   0x000000c8   Code   RO         8323    i.att_notification  bt_att.o
    0x08006e40   0x08006e40   0x00000004   Code   RO         8324    i.att_parse_exc_write_req  bt_att.o
    0x08006e44   0x08006e44   0x0000005c   Code   RO         8325    i.att_parse_find_info_req  bt_att.o
    0x08006ea0   0x08006ea0   0x00000098   Code   RO         8326    i.att_parse_find_info_type_value_req  bt_att.o
    0x08006f38   0x08006f38   0x0000001e   Code   RO         8327    i.att_parse_find_type_value_rsp  bt_att.o
    0x08006f56   0x08006f56   0x00000002   PAD
    0x08006f58   0x08006f58   0x00000044   Code   RO         8328    i.att_parse_mtu_req  bt_att.o
    0x08006f9c   0x08006f9c   0x00000044   Code   RO         8329    i.att_parse_mtu_rsp  bt_att.o
    0x08006fe0   0x08006fe0   0x00000004   Code   RO         8331    i.att_parse_pre_write_req  bt_att.o
    0x08006fe4   0x08006fe4   0x0000005c   Code   RO         8332    i.att_parse_read_blob_req  bt_att.o
    0x08007040   0x08007040   0x00000074   Code   RO         8333    i.att_parse_read_group_type_req  bt_att.o
    0x080070b4   0x080070b4   0x00000078   Code   RO         8334    i.att_parse_read_group_type_rsp  bt_att.o
    0x0800712c   0x0800712c   0x00000004   Code   RO         8335    i.att_parse_read_multi_req  bt_att.o
    0x08007130   0x08007130   0x00000048   Code   RO         8336    i.att_parse_read_req  bt_att.o
    0x08007178   0x08007178   0x0000008c   Code   RO         8337    i.att_parse_read_type_req  bt_att.o
    0x08007204   0x08007204   0x00000064   Code   RO         8338    i.att_parse_read_type_rsp  bt_att.o
    0x08007268   0x08007268   0x00000004   Code   RO         8339    i.att_parse_sig_write_cmd  bt_att.o
    0x0800726c   0x0800726c   0x0000006c   Code   RO         8340    i.att_parse_write_cmd  bt_att.o
    0x080072d8   0x080072d8   0x0000006c   Code   RO         8341    i.att_parse_write_req  bt_att.o
    0x08007344   0x08007344   0x00000004   Code   RO         8342    i.att_pre_write_rsp  bt_att.o
    0x08007348   0x08007348   0x000000bc   Code   RO         8345    i.att_read_group_type_rsp  bt_att.o
    0x08007404   0x08007404   0x000000b8   Code   RO         8348    i.att_read_rsp      bt_att.o
    0x080074bc   0x080074bc   0x000000bc   Code   RO         8350    i.att_read_type_rsp  bt_att.o
    0x08007578   0x08007578   0x00000010   Code   RO         8351    i.att_register_cb   bt_att.o
    0x08007588   0x08007588   0x00000038   Code   RO         8352    i.att_send_data     bt_att.o
    0x080075c0   0x080075c0   0x000000a8   Code   RO         8353    i.att_write_rsp     bt_att.o
    0x08007668   0x08007668   0x00000010   Code   RO         8593    i.bas_batt_level_notification  bt_bas.o
    0x08007678   0x08007678   0x00000064   Code   RO         8594    i.bas_init          bt_bas.o
    0x080076dc   0x080076dc   0x00000068   Code   RO         9676    i.board_init        main.o
    0x08007744   0x08007744   0x00000054   Code   RO         5451    i.bt_addr_dump      bt_common.o
    0x08007798   0x08007798   0x000000bc   Code   RO         9677    i.bt_app_init_result  main.o
    0x08007854   0x08007854   0x000000c4   Code   RO         9678    i.bt_app_inquiry_result  main.o
    0x08007918   0x08007918   0x00000074   Code   RO         9679    i.bt_app_inquiry_status  main.o
    0x0800798c   0x0800798c   0x0000020c   Code   RO         9680    i.bt_app_le_inquiry_result  main.o
    0x08007b98   0x08007b98   0x00000030   Code   RO         9681    i.bt_app_le_inquiry_status  main.o
    0x08007bc8   0x08007bc8   0x000000dc   Code   RO         9682    i.bt_app_spp_connect  main.o
    0x08007ca4   0x08007ca4   0x00000088   Code   RO         9683    i.bt_app_spp_disconnect  main.o
    0x08007d2c   0x08007d2c   0x000000bc   Code   RO         9684    i.bt_app_spp_recv_data  main.o
    0x08007de8   0x08007de8   0x00000064   Code   RO         7793    i.bt_ass_eir_data   bt_wrapper.o
    0x08007e4c   0x08007e4c   0x0000000e   Code   RO         5454    i.bt_be_read_16     bt_common.o
    0x08007e5a   0x08007e5a   0x00000016   Code   RO         5457    i.bt_be_store_16    bt_common.o
    0x08007e70   0x08007e70   0x0000002e   Code   RO         5459    i.bt_be_store_32    bt_common.o
    0x08007e9e   0x08007e9e   0x00000002   PAD
    0x08007ea0   0x08007ea0   0x00000008   Code   RO         9557    i.bt_get_tx_buffer  bt_phybusif_h4.o
    0x08007ea8   0x08007ea8   0x00000084   Code   RO         5461    i.bt_hex_dump       bt_common.o
    0x08007f2c   0x08007f2c   0x00000030   Code   RO         7797    i.bt_inquiry_complete  bt_wrapper.o
    0x08007f5c   0x08007f5c   0x00000194   Code   RO         7798    i.bt_inquiry_result  bt_wrapper.o
    0x080080f0   0x080080f0   0x0000002a   Code   RO         7799    i.bt_le_adv_data_parse  bt_wrapper.o
    0x0800811a   0x0800811a   0x00000012   Code   RO         7800    i.bt_le_adv_get_data  bt_wrapper.o
    0x0800812c   0x0800812c   0x00000014   Code   RO         7801    i.bt_le_adv_get_size  bt_wrapper.o
    0x08008140   0x08008140   0x0000000e   Code   RO         7802    i.bt_le_adv_get_type  bt_wrapper.o
    0x0800814e   0x0800814e   0x00000012   Code   RO         7803    i.bt_le_adv_has_more  bt_wrapper.o
    0x08008160   0x08008160   0x0000000e   Code   RO         7804    i.bt_le_adv_parse_init  bt_wrapper.o
    0x0800816e   0x0800816e   0x00000002   PAD
    0x08008170   0x08008170   0x00000030   Code   RO         7805    i.bt_le_inquiry_complete  bt_wrapper.o
    0x080081a0   0x080081a0   0x00000040   Code   RO         7806    i.bt_le_inquiry_result  bt_wrapper.o
    0x080081e0   0x080081e0   0x0000000e   Code   RO         5462    i.bt_le_read_16     bt_common.o
    0x080081ee   0x080081ee   0x0000001e   Code   RO         5464    i.bt_le_read_32     bt_common.o
    0x0800820c   0x0800820c   0x0000000c   Code   RO         7807    i.bt_le_set_adv_disable  bt_wrapper.o
    0x08008218   0x08008218   0x0000003a   Code   RO         7808    i.bt_le_set_adv_enable  bt_wrapper.o
    0x08008252   0x08008252   0x00000002   PAD
    0x08008254   0x08008254   0x00000050   Code   RO         7809    i.bt_le_start_inquiry  bt_wrapper.o
    0x080082a4   0x080082a4   0x0000000a   Code   RO         7810    i.bt_le_stop_inquiry  bt_wrapper.o
    0x080082ae   0x080082ae   0x00000016   Code   RO         5465    i.bt_le_store_16    bt_common.o
    0x080082c4   0x080082c4   0x00000024   Code   RO         5466    i.bt_le_store_24    bt_common.o
    0x080082e8   0x080082e8   0x0000002e   Code   RO         5467    i.bt_le_store_32    bt_common.o
    0x08008316   0x08008316   0x00000002   Code   RO         6600    i.bt_mem_trim       bt_mem.o
    0x08008318   0x08008318   0x0000001c   Code   RO         6619    i.bt_memp_free      bt_memp.o
    0x08008334   0x08008334   0x00000074   Code   RO         6620    i.bt_memp_init      bt_memp.o
    0x080083a8   0x080083a8   0x0000003c   Code   RO         6621    i.bt_memp_malloc    bt_memp.o
    0x080083e4   0x080083e4   0x00000048   Code   RO         5468    i.bt_parse_cod      bt_common.o
    0x0800842c   0x0800842c   0x0000034c   Code   RO         6687    i.bt_pbuf_alloc     bt_pbuf.o
    0x08008778   0x08008778   0x000000d8   Code   RO         6688    i.bt_pbuf_cat       bt_pbuf.o
    0x08008850   0x08008850   0x00000016   Code   RO         6689    i.bt_pbuf_chain     bt_pbuf.o
    0x08008866   0x08008866   0x00000002   PAD
    0x08008868   0x08008868   0x000000ec   Code   RO         6691    i.bt_pbuf_copy_partial  bt_pbuf.o
    0x08008954   0x08008954   0x00000094   Code   RO         6692    i.bt_pbuf_dechain   bt_pbuf.o
    0x080089e8   0x080089e8   0x000000ac   Code   RO         6693    i.bt_pbuf_free      bt_pbuf.o
    0x08008a94   0x08008a94   0x00000012   Code   RO         6694    i.bt_pbuf_header    bt_pbuf.o
    0x08008aa6   0x08008aa6   0x00000002   PAD
    0x08008aa8   0x08008aa8   0x00000140   Code   RO         6695    i.bt_pbuf_realloc   bt_pbuf.o
    0x08008be8   0x08008be8   0x0000003c   Code   RO         6696    i.bt_pbuf_ref       bt_pbuf.o
    0x08008c24   0x08008c24   0x00000150   Code   RO         6698    i.bt_pbuf_take      bt_pbuf.o
    0x08008d74   0x08008d74   0x00000048   Code   RO         9685    i.bt_reset_chip     main.o
    0x08008dbc   0x08008dbc   0x00000060   Code   RO         7811    i.bt_stack_worked   bt_wrapper.o
    0x08008e1c   0x08008e1c   0x0000008c   Code   RO         7812    i.bt_start          bt_wrapper.o
    0x08008ea8   0x08008ea8   0x00000050   Code   RO         7813    i.bt_start_inquiry  bt_wrapper.o
    0x08008ef8   0x08008ef8   0x00000028   Code   RO         7815    i.bt_stop           bt_wrapper.o
    0x08008f20   0x08008f20   0x0000000a   Code   RO         7816    i.bt_stop_inquiry   bt_wrapper.o
    0x08008f2a   0x08008f2a   0x00000002   PAD
    0x08008f2c   0x08008f2c   0x00000048   Code   RO         7992    i.bt_vendor_get_chip_mrg  bt_vendor_manager.o
    0x08008f74   0x08008f74   0x0000003a   Code   RO         8936    i.buffer_skip_whitespace  cjson.o
    0x08008fae   0x08008fae   0x00000002   PAD
    0x08008fb0   0x08008fb0   0x00000034   Code   RO         8949    i.cJSON_AddStringToObject  cjson.o
    0x08008fe4   0x08008fe4   0x00000018   Code   RO         8961    i.cJSON_CreateObject  cjson.o
    0x08008ffc   0x08008ffc   0x00000034   Code   RO         8964    i.cJSON_CreateString  cjson.o
    0x08009030   0x08009030   0x00000058   Code   RO         8968    i.cJSON_Delete      cjson.o
    0x08009088   0x08009088   0x00000012   Code   RO         8980    i.cJSON_GetObjectItem  cjson.o
    0x0800909a   0x0800909a   0x0000001c   Code   RO         8997    i.cJSON_New_Item    cjson.o
    0x080090b6   0x080090b6   0x00000010   Code   RO         8998    i.cJSON_Parse       cjson.o
    0x080090c6   0x080090c6   0x00000002   PAD
    0x080090c8   0x080090c8   0x000000d4   Code   RO         8999    i.cJSON_ParseWithOpts  cjson.o
    0x0800919c   0x0800919c   0x00000014   Code   RO         9000    i.cJSON_Print       cjson.o
    0x080091b0   0x080091b0   0x00000038   Code   RO         9012    i.cJSON_strdup      cjson.o
    0x080091e8   0x080091e8   0x00000048   Code   RO         9013    i.case_insensitive_strcmp  cjson.o
    0x08009230   0x08009230   0x00000002   Code   RO         9014    i.cast_away_const   cjson.o
    0x08009232   0x08009232   0x00000002   PAD
    0x08009234   0x08009234   0x0000007c   Code   RO         9891    i.check_fs          ff.o
    0x080092b0   0x080092b0   0x00000008   Code   RO         7751    i.csr8x11_instance  bt_vendor_csr8x11.o
    0x080092b8   0x080092b8   0x0000000c   Code   RO         7752    i.csr8x11_vendor_deinit  bt_vendor_csr8x11.o
    0x080092c4   0x080092c4   0x0000009c   Code   RO         7753    i.csr8x11_vendor_init  bt_vendor_csr8x11.o
    0x08009360   0x08009360   0x00000002   Code   RO         7754    i.csr8x11_vendor_set_baud_rate  bt_vendor_csr8x11.o
    0x08009362   0x08009362   0x00000002   PAD
    0x08009364   0x08009364   0x00000040   Code   RO         9824    i.disk_initialize   diskio.o
    0x080093a4   0x080093a4   0x00000054   Code   RO         9825    i.disk_ioctl        diskio.o
    0x080093f8   0x080093f8   0x00000040   Code   RO         9826    i.disk_read         diskio.o
    0x08009438   0x08009438   0x00000006   Code   RO         9827    i.disk_status       diskio.o
    0x0800943e   0x0800943e   0x00000002   PAD
    0x08009440   0x08009440   0x00000040   Code   RO         9828    i.disk_write        diskio.o
    0x08009480   0x08009480   0x000000ba   Code   RO         9016    i.ensure            cjson.o
    0x0800953a   0x0800953a   0x00000002   PAD
    0x0800953c   0x0800953c   0x0000068c   Code   RO         9915    i.f_mkfs            ff.o
    0x08009bc8   0x08009bc8   0x00000054   Code   RO         9916    i.f_mount           ff.o
    0x08009c1c   0x08009c1c   0x0000003c   Code   RO         7115    i.fcs8_crc          bt_fcs.o
    0x08009c58   0x08009c58   0x0000001a   Code   RO         7116    i.fcs8_crc_calc     bt_fcs.o
    0x08009c72   0x08009c72   0x00000002   PAD
    0x08009c74   0x08009c74   0x00000030   Code   RO         7117    i.fcs8_crc_check    bt_fcs.o
    0x08009ca4   0x08009ca4   0x000000a0   Code   RO        10263    i.file_system_init  fs_wrapper.o
    0x08009d44   0x08009d44   0x00000028   Code   RO         6789    i.find_idle_timer   bt_timer.o
    0x08009d6c   0x08009d6c   0x0000030c   Code   RO         9931    i.find_volume       ff.o
    0x0800a078   0x0800a078   0x00000040   Code   RO         4407    i.fputc             hw_uart.o
    0x0800a0b8   0x0800a0b8   0x0000004c   Code   RO         8595    i.gatt_bas_read     bt_bas.o
    0x0800a104   0x0800a104   0x00000064   Code   RO         8596    i.gatt_bas_write    bt_bas.o
    0x0800a168   0x0800a168   0x00000002   Code   RO         8650    i.gatt_connect_realease  bt_gatt.o
    0x0800a16a   0x0800a16a   0x00000002   Code   RO         8651    i.gatt_connect_set_up  bt_gatt.o
    0x0800a16c   0x0800a16c   0x000004e4   Code   RO         8652    i.gatt_data_recv    bt_gatt.o
    0x0800a650   0x0800a650   0x000000a8   Code   RO         8653    i.gatt_handle_find_type_value_rsp  bt_gatt.o
    0x0800a6f8   0x0800a6f8   0x0000003c   Code   RO         8654    i.gatt_handle_mtu_rsp  bt_gatt.o
    0x0800a734   0x0800a734   0x000000b4   Code   RO         8655    i.gatt_handle_read_group_type_rsp  bt_gatt.o
    0x0800a7e8   0x0800a7e8   0x0000005c   Code   RO         8656    i.gatt_handle_read_type_rsp  bt_gatt.o
    0x0800a844   0x0800a844   0x00000024   Code   RO         8657    i.gatt_init         bt_gatt.o
    0x0800a868   0x0800a868   0x00000080   Code   RO         8658    i.gatt_server_add_pri_service  bt_gatt.o
    0x0800a8e8   0x0800a8e8   0x0000004c   Code   RO         8660    i.gatt_server_init  bt_gatt.o
    0x0800a934   0x0800a934   0x00000016   Code   RO         8661    i.gatt_server_notification  bt_gatt.o
    0x0800a94a   0x0800a94a   0x00000012   Code   RO         8662    i.gatts_handle_exc_write_req  bt_gatt.o
    0x0800a95c   0x0800a95c   0x00000170   Code   RO         8663    i.gatts_handle_find_info_req  bt_gatt.o
    0x0800aacc   0x0800aacc   0x0000002e   Code   RO         8664    i.gatts_handle_find_info_value_type_req  bt_gatt.o
    0x0800aafa   0x0800aafa   0x00000002   PAD
    0x0800aafc   0x0800aafc   0x00000054   Code   RO         8665    i.gatts_handle_mtu_req  bt_gatt.o
    0x0800ab50   0x0800ab50   0x00000012   Code   RO         8666    i.gatts_handle_pre_write_req  bt_gatt.o
    0x0800ab62   0x0800ab62   0x00000014   Code   RO         8667    i.gatts_handle_read_blob_req  bt_gatt.o
    0x0800ab76   0x0800ab76   0x00000002   PAD
    0x0800ab78   0x0800ab78   0x000000c8   Code   RO         8668    i.gatts_handle_read_group_type_req  bt_gatt.o
    0x0800ac40   0x0800ac40   0x0000000e   Code   RO         8669    i.gatts_handle_read_multi_req  bt_gatt.o
    0x0800ac4e   0x0800ac4e   0x00000002   PAD
    0x0800ac50   0x0800ac50   0x000001ac   Code   RO         8670    i.gatts_handle_read_req  bt_gatt.o
    0x0800adfc   0x0800adfc   0x00000178   Code   RO         8671    i.gatts_handle_read_type_req  bt_gatt.o
    0x0800af74   0x0800af74   0x0000000e   Code   RO         8672    i.gatts_handle_sig_write_cmd  bt_gatt.o
    0x0800af82   0x0800af82   0x00000006   Code   RO         8673    i.gatts_handle_value_cfm  bt_gatt.o
    0x0800af88   0x0800af88   0x000000b4   Code   RO         8674    i.gatts_handle_write_cmd  bt_gatt.o
    0x0800b03c   0x0800b03c   0x000000b8   Code   RO         8675    i.gatts_handle_write_req  bt_gatt.o
    0x0800b0f4   0x0800b0f4   0x00000004   Code   RO         9018    i.get_decimal_point  cjson.o
    0x0800b0f8   0x0800b0f8   0x00000004   Code   RO         9829    i.get_fattime       diskio.o
    0x0800b0fc   0x0800b0fc   0x0000004e   Code   RO         9935    i.get_ldnumber      ff.o
    0x0800b14a   0x0800b14a   0x00000052   Code   RO         9019    i.get_object_item   cjson.o
    0x0800b19c   0x0800b19c   0x0000004a   Code   RO         5632    i.hci_accept_connection_request  bt_hci.o
    0x0800b1e6   0x0800b1e6   0x00000002   PAD
    0x0800b1e8   0x0800b1e8   0x0000007c   Code   RO         5634    i.hci_acl_input     bt_hci.o
    0x0800b264   0x0800b264   0x000000b4   Code   RO         5635    i.hci_acl_write     bt_hci.o
    0x0800b318   0x0800b318   0x00000064   Code   RO         5637    i.hci_cancel_inquiry  bt_hci.o
    0x0800b37c   0x0800b37c   0x00000038   Code   RO         5639    i.hci_cmd_ass       bt_hci.o
    0x0800b3b4   0x0800b3b4   0x00000114   Code   RO         5640    i.hci_connect_req   bt_hci.o
    0x0800b4c8   0x0800b4c8   0x00000060   Code   RO         5642    i.hci_deinit        bt_hci.o
    0x0800b528   0x0800b528   0x00000060   Code   RO         5643    i.hci_disconnect_acl  bt_hci.o
    0x0800b588   0x0800b588   0x00000180   Code   RO         5646    i.hci_event_input   bt_hci.o
    0x0800b708   0x0800b708   0x00000052   Code   RO         5648    i.hci_get_remote_feature  bt_hci.o
    0x0800b75a   0x0800b75a   0x00000002   PAD
    0x0800b75c   0x0800b75c   0x00000068   Code   RO         5652    i.hci_host_num_comp_packets  bt_hci.o
    0x0800b7c4   0x0800b7c4   0x00000090   Code   RO         5653    i.hci_init          bt_hci.o
    0x0800b854   0x0800b854   0x00000098   Code   RO         5654    i.hci_inquiry       bt_hci.o
    0x0800b8ec   0x0800b8ec   0x0000005c   Code   RO         5656    i.hci_io_cap_req_replay  bt_hci.o
    0x0800b948   0x0800b948   0x00000016   Code   RO         5657    i.hci_is_connected  bt_hci.o
    0x0800b95e   0x0800b95e   0x00000002   PAD
    0x0800b960   0x0800b960   0x00000050   Code   RO         5658    i.hci_le_cancel_inquiry  bt_hci.o
    0x0800b9b0   0x0800b9b0   0x0000005c   Code   RO         5659    i.hci_le_inquiry    bt_hci.o
    0x0800ba0c   0x0800ba0c   0x00000036   Code   RO         5660    i.hci_le_read_buffer_size  bt_hci.o
    0x0800ba42   0x0800ba42   0x00000036   Code   RO         5661    i.hci_le_read_local_support_feature  bt_hci.o
    0x0800ba78   0x0800ba78   0x00000064   Code   RO         5662    i.hci_le_set_adv_data  bt_hci.o
    0x0800badc   0x0800badc   0x00000042   Code   RO         5663    i.hci_le_set_adv_enable  bt_hci.o
    0x0800bb1e   0x0800bb1e   0x000000aa   Code   RO         5664    i.hci_le_set_adv_param  bt_hci.o
    0x0800bbc8   0x0800bbc8   0x0000004e   Code   RO         5665    i.hci_le_set_event_mask  bt_hci.o
    0x0800bc16   0x0800bc16   0x00000080   Code   RO         5667    i.hci_le_set_scan_param  bt_hci.o
    0x0800bc96   0x0800bc96   0x00000044   Code   RO         5668    i.hci_link_key_request_negative_reply  bt_hci.o
    0x0800bcda   0x0800bcda   0x00000054   Code   RO         5669    i.hci_link_key_request_reply  bt_hci.o
    0x0800bd2e   0x0800bd2e   0x00000002   PAD
    0x0800bd30   0x0800bd30   0x0000000c   Code   RO         5670    i.hci_pdu_maxsize   bt_hci.o
    0x0800bd3c   0x0800bd3c   0x00000044   Code   RO         5672    i.hci_pin_code_request_neg_reply  bt_hci.o
    0x0800bd80   0x0800bd80   0x00000066   Code   RO         5673    i.hci_pin_code_request_reply  bt_hci.o
    0x0800bde6   0x0800bde6   0x00000002   PAD
    0x0800bde8   0x0800bde8   0x00000044   Code   RO         5674    i.hci_read_bd_addr  bt_hci.o
    0x0800be2c   0x0800be2c   0x00000036   Code   RO         5675    i.hci_read_buffer_size  bt_hci.o
    0x0800be62   0x0800be62   0x00000036   Code   RO         5679    i.hci_read_local_version_info  bt_hci.o
    0x0800be98   0x0800be98   0x0000000c   Code   RO         5682    i.hci_register_bt_working  bt_hci.o
    0x0800bea4   0x0800bea4   0x0000000c   Code   RO         5685    i.hci_register_link_key_not  bt_hci.o
    0x0800beb0   0x0800beb0   0x0000000c   Code   RO         5686    i.hci_register_link_key_req  bt_hci.o
    0x0800bebc   0x0800bebc   0x0000000c   Code   RO         5687    i.hci_register_pin_req  bt_hci.o
    0x0800bec8   0x0800bec8   0x0000004a   Code   RO         5692    i.hci_reject_connection_request  bt_hci.o
    0x0800bf12   0x0800bf12   0x00000002   PAD
    0x0800bf14   0x0800bf14   0x00000050   Code   RO         5694    i.hci_reset         bt_hci.o
    0x0800bf64   0x0800bf64   0x0000004e   Code   RO         5697    i.hci_set_event_mask  bt_hci.o
    0x0800bfb2   0x0800bfb2   0x00000044   Code   RO         5702    i.hci_user_confirm_req_reply  bt_hci.o
    0x0800bff6   0x0800bff6   0x00000044   Code   RO         5705    i.hci_write_cod     bt_hci.o
    0x0800c03a   0x0800c03a   0x00000054   Code   RO         5707    i.hci_write_eir     bt_hci.o
    0x0800c08e   0x0800c08e   0x00000062   Code   RO         5708    i.hci_write_flush_timeout  bt_hci.o
    0x0800c0f0   0x0800c0f0   0x0000003c   Code   RO         5709    i.hci_write_inquiry_mode  bt_hci.o
    0x0800c12c   0x0800c12c   0x00000042   Code   RO         5710    i.hci_write_le_enable  bt_hci.o
    0x0800c16e   0x0800c16e   0x00000050   Code   RO         5712    i.hci_write_local_name  bt_hci.o
    0x0800c1be   0x0800c1be   0x00000042   Code   RO         5713    i.hci_write_page_timeout  bt_hci.o
    0x0800c200   0x0800c200   0x0000003c   Code   RO         5714    i.hci_write_scan_enable  bt_hci.o
    0x0800c23c   0x0800c23c   0x0000003c   Code   RO         5715    i.hci_write_ssp_mode  bt_hci.o
    0x0800c278   0x0800c278   0x0000006c   Code   RO         4465    i.hw_button_init    hw_button.o
    0x0800c2e4   0x0800c2e4   0x00000060   Code   RO         4145    i.hw_delay_ms       hw_misc.o
    0x0800c344   0x0800c344   0x0000000c   Code   RO         4146    i.hw_delay_us       hw_misc.o
    0x0800c350   0x0800c350   0x00000064   Code   RO         4114    i.hw_led_init       hw_led.o
    0x0800c3b4   0x0800c3b4   0x00000042   Code   RO         4191    i.hw_oled_clear     hw_oled.o
    0x0800c3f6   0x0800c3f6   0x00000002   PAD
    0x0800c3f8   0x0800c3f8   0x000000dc   Code   RO         4197    i.hw_oled_init      hw_oled.o
    0x0800c4d4   0x0800c4d4   0x0000002a   Code   RO         4204    i.hw_oled_set_pos   hw_oled.o
    0x0800c4fe   0x0800c4fe   0x00000002   PAD
    0x0800c500   0x0800c500   0x000000c0   Code   RO         4206    i.hw_oled_show_char  hw_oled.o
    0x0800c5c0   0x0800c5c0   0x00000054   Code   RO         4209    i.hw_oled_show_string  hw_oled.o
    0x0800c614   0x0800c614   0x00000018   Code   RO         4210    i.hw_oled_write_byte  hw_oled.o
    0x0800c62c   0x0800c62c   0x00000044   Code   RO         5360    i.hw_sht2x_init     hw_sht2x.o
    0x0800c670   0x0800c670   0x00000022   Code   RO         5361    i.hw_sht2x_sw_reset  hw_sht2x.o
    0x0800c692   0x0800c692   0x00000002   PAD
    0x0800c694   0x0800c694   0x00000070   Code   RO         5212    i.hw_spi_flash_erase_sector  hw_spi_flash.o
    0x0800c704   0x0800c704   0x00000004   Code   RO         5213    i.hw_spi_flash_get_block_size  hw_spi_flash.o
    0x0800c708   0x0800c708   0x0000000c   Code   RO         5214    i.hw_spi_flash_get_sector_count  hw_spi_flash.o
    0x0800c714   0x0800c714   0x00000006   Code   RO         5215    i.hw_spi_flash_get_sector_size  hw_spi_flash.o
    0x0800c71a   0x0800c71a   0x00000002   PAD
    0x0800c71c   0x0800c71c   0x0000000c   Code   RO         5216    i.hw_spi_flash_get_size  hw_spi_flash.o
    0x0800c728   0x0800c728   0x00000284   Code   RO         5217    i.hw_spi_flash_init  hw_spi_flash.o
    0x0800c9ac   0x0800c9ac   0x00000080   Code   RO         5219    i.hw_spi_flash_read  hw_spi_flash.o
    0x0800ca2c   0x0800ca2c   0x00000054   Code   RO         5220    i.hw_spi_flash_read_manu_dev_id  hw_spi_flash.o
    0x0800ca80   0x0800ca80   0x00000054   Code   RO         5221    i.hw_spi_flash_read_reg  hw_spi_flash.o
    0x0800cad4   0x0800cad4   0x00000014   Code   RO         5222    i.hw_spi_flash_wait_idle  hw_spi_flash.o
    0x0800cae8   0x0800cae8   0x000000bc   Code   RO         5224    i.hw_spi_flash_write  hw_spi_flash.o
    0x0800cba4   0x0800cba4   0x00000024   Code   RO         5226    i.hw_spi_flash_write_enable  hw_spi_flash.o
    0x0800cbc8   0x0800cbc8   0x00000046   Code   RO         5227    i.hw_spi_flash_write_nocheck  hw_spi_flash.o
    0x0800cc0e   0x0800cc0e   0x00000002   PAD
    0x0800cc10   0x0800cc10   0x00000084   Code   RO         5228    i.hw_spi_flash_write_page  hw_spi_flash.o
    0x0800cc94   0x0800cc94   0x0000004c   Code   RO         4371    i.hw_systick_init   hw_systick.o
    0x0800cce0   0x0800cce0   0x00000006   Code   RO         4148    i.hw_timer_reset_count  hw_misc.o
    0x0800cce6   0x0800cce6   0x00000002   PAD
    0x0800cce8   0x0800cce8   0x00000120   Code   RO         9559    i.hw_uart_bt_init   bt_phybusif_h4.o
    0x0800ce08   0x0800ce08   0x00000104   Code   RO         4408    i.hw_uart_debug_init  hw_uart.o
    0x0800cf0c   0x0800cf0c   0x00000050   Code   RO        10594    i.internal_alloc    mc_w.l(mallocr.o)
    0x0800cf5c   0x0800cf5c   0x00000012   Code   RO         8845    i.is_power_of_2     ringbuffer.o
    0x0800cf6e   0x0800cf6e   0x00000002   PAD
    0x0800cf70   0x0800cf70   0x000000d4   Code   RO         6355    i.l2cap_acl_input   bt_l2cap.o
    0x0800d044   0x0800d044   0x000000f4   Code   RO         6356    i.l2cap_close       bt_l2cap.o
    0x0800d138   0x0800d138   0x00000094   Code   RO         6357    i.l2cap_config_req  bt_l2cap.o
    0x0800d1cc   0x0800d1cc   0x00000104   Code   RO         7644    i.l2cap_connect_cfm  bt_spp.o
    0x0800d2d0   0x0800d2d0   0x000000dc   Code   RO         6358    i.l2cap_connect_req  bt_l2cap.o
    0x0800d3ac   0x0800d3ac   0x00000082   Code   RO         6359    i.l2cap_datawrite   bt_l2cap.o
    0x0800d42e   0x0800d42e   0x00000002   PAD
    0x0800d430   0x0800d430   0x000000b4   Code   RO         6360    i.l2cap_deinit      bt_l2cap.o
    0x0800d4e4   0x0800d4e4   0x000000ac   Code   RO         7645    i.l2cap_disconnect_cfm  bt_spp.o
    0x0800d590   0x0800d590   0x00000056   Code   RO         6361    i.l2cap_disconnect_req  bt_l2cap.o
    0x0800d5e6   0x0800d5e6   0x00000050   Code   RO         6363    i.l2cap_fixed_channel_datawrite  bt_l2cap.o
    0x0800d636   0x0800d636   0x00000002   PAD
    0x0800d638   0x0800d638   0x00000040   Code   RO         6364    i.l2cap_fixed_channel_register_recv  bt_l2cap.o
    0x0800d678   0x0800d678   0x0000003c   Code   RO         6365    i.l2cap_init        bt_l2cap.o
    0x0800d6b4   0x0800d6b4   0x0000003e   Code   RO         6366    i.l2cap_new         bt_l2cap.o
    0x0800d6f2   0x0800d6f2   0x00000002   PAD
    0x0800d6f4   0x0800d6f4   0x00000168   Code   RO         6368    i.l2cap_process_sig  bt_l2cap.o
    0x0800d85c   0x0800d85c   0x00000224   Code   RO         6369    i.l2cap_reassembly_data  bt_l2cap.o
    0x0800da80   0x0800da80   0x00000034   Code   RO         6370    i.l2cap_register_connect_ind  bt_l2cap.o
    0x0800dab4   0x0800dab4   0x00000004   Code   RO         6371    i.l2cap_register_disconnect_ind  bt_l2cap.o
    0x0800dab8   0x0800dab8   0x00000004   Code   RO         6372    i.l2cap_register_recv  bt_l2cap.o
    0x0800dabc   0x0800dabc   0x0000001a   Code   RO         6374    i.l2cap_rexmit_signal  bt_l2cap.o
    0x0800dad6   0x0800dad6   0x00000002   PAD
    0x0800dad8   0x0800dad8   0x00000134   Code   RO         6375    i.l2cap_tmr         bt_l2cap.o
    0x0800dc0c   0x0800dc0c   0x0000008a   Code   RO         6376    i.l2cap_write       bt_l2cap.o
    0x0800dc96   0x0800dc96   0x00000018   Code   RO         9937    i.ld_dword          ff.o
    0x0800dcae   0x0800dcae   0x0000000c   Code   RO         9938    i.ld_word           ff.o
    0x0800dcba   0x0800dcba   0x00000002   PAD
    0x0800dcbc   0x0800dcbc   0x000000d8   Code   RO         7818    i.link_key_not      bt_wrapper.o
    0x0800dd94   0x0800dd94   0x00000088   Code   RO         7819    i.link_key_req      bt_wrapper.o
    0x0800de1c   0x0800de1c   0x000000d8   Code   RO         6377    i.lp_connect_cfm    bt_l2cap.o
    0x0800def4   0x0800def4   0x00000002   Code   RO         6378    i.lp_connect_ind    bt_l2cap.o
    0x0800def6   0x0800def6   0x00000002   PAD
    0x0800def8   0x0800def8   0x00000070   Code   RO         6379    i.lp_disconnect_ind  bt_l2cap.o
    0x0800df68   0x0800df68   0x00000080   Code   RO         9686    i.main              main.o
    0x0800dfe8   0x0800dfe8   0x00000024   Code   RO         9939    i.mem_cmp           ff.o
    0x0800e00c   0x0800e00c   0x0000001a   Code   RO         9940    i.mem_cpy           ff.o
    0x0800e026   0x0800e026   0x00000012   Code   RO         9941    i.mem_set           ff.o
    0x0800e038   0x0800e038   0x00000034   Code   RO         9942    i.move_window       ff.o
    0x0800e06c   0x0800e06c   0x00000130   Code   RO         9687    i.operate_stauts_oled_show  main.o
    0x0800e19c   0x0800e19c   0x000000f4   Code   RO         9020    i.parse_array       cjson.o
    0x0800e290   0x0800e290   0x0000005a   Code   RO         9021    i.parse_hex4        cjson.o
    0x0800e2ea   0x0800e2ea   0x00000002   PAD
    0x0800e2ec   0x0800e2ec   0x00000138   Code   RO         9022    i.parse_number      cjson.o
    0x0800e424   0x0800e424   0x0000013a   Code   RO         9023    i.parse_object      cjson.o
    0x0800e55e   0x0800e55e   0x0000018c   Code   RO         9024    i.parse_string      cjson.o
    0x0800e6ea   0x0800e6ea   0x00000002   PAD
    0x0800e6ec   0x0800e6ec   0x0000013c   Code   RO         9025    i.parse_value       cjson.o
    0x0800e828   0x0800e828   0x000000a4   Code   RO         6700    i.pbuf_header_impl  bt_pbuf.o
    0x0800e8cc   0x0800e8cc   0x0000024c   Code   RO         9561    i.phybusif_input    bt_phybusif_h4.o
    0x0800eb18   0x0800eb18   0x00000020   Code   RO         9562    i.phybusif_open     bt_phybusif_h4.o
    0x0800eb38   0x0800eb38   0x0000003c   Code   RO         9563    i.phybusif_output   bt_phybusif_h4.o
    0x0800eb74   0x0800eb74   0x00000018   Code   RO         9564    i.phybusif_reopen   bt_phybusif_h4.o
    0x0800eb8c   0x0800eb8c   0x00000024   Code   RO         9565    i.phybusif_reset    bt_phybusif_h4.o
    0x0800ebb0   0x0800ebb0   0x000000b4   Code   RO         9026    i.print             cjson.o
    0x0800ec64   0x0800ec64   0x000000b2   Code   RO         9027    i.print_array       cjson.o
    0x0800ed16   0x0800ed16   0x00000002   PAD
    0x0800ed18   0x0800ed18   0x000000f4   Code   RO         9028    i.print_number      cjson.o
    0x0800ee0c   0x0800ee0c   0x00000174   Code   RO         9029    i.print_object      cjson.o
    0x0800ef80   0x0800ef80   0x00000010   Code   RO         9030    i.print_string      cjson.o
    0x0800ef90   0x0800ef90   0x00000174   Code   RO         9031    i.print_string_ptr  cjson.o
    0x0800f104   0x0800f104   0x00000104   Code   RO         9032    i.print_value       cjson.o
    0x0800f208   0x0800f208   0x00000020   Code   RO         4211    i.protocol_iic_start  hw_oled.o
    0x0800f228   0x0800f228   0x00000020   Code   RO         4212    i.protocol_iic_stop  hw_oled.o
    0x0800f248   0x0800f248   0x00000018   Code   RO         4213    i.protocol_iic_wait_ack  hw_oled.o
    0x0800f260   0x0800f260   0x00000054   Code   RO         4214    i.protocol_iic_write_byte  hw_oled.o
    0x0800f2b4   0x0800f2b4   0x0000002c   Code   RO         4215    i.protocol_iic_write_cmd  hw_oled.o
    0x0800f2e0   0x0800f2e0   0x0000002c   Code   RO         4216    i.protocol_iic_write_data  hw_oled.o
    0x0800f30c   0x0800f30c   0x00000080   Code   RO         5230    i.protocol_spi1_init  hw_spi_flash.o
    0x0800f38c   0x0800f38c   0x00000054   Code   RO         5231    i.protocol_spi1_read_write_byte  hw_spi_flash.o
    0x0800f3e0   0x0800f3e0   0x00000006   Code   RO         5718    i.read_bdaddr_complete  bt_hci.o
    0x0800f3e6   0x0800f3e6   0x00000002   PAD
    0x0800f3e8   0x0800f3e8   0x0000006c   Code   RO        10595    i.realloc           mc_w.l(mallocr.o)
    0x0800f454   0x0800f454   0x00000018   Code   RO         7306    i.rfcomm_accept     bt_rfcomm.o
    0x0800f46c   0x0800f46c   0x000000e4   Code   RO         7307    i.rfcomm_close      bt_rfcomm.o
    0x0800f550   0x0800f550   0x000000e0   Code   RO         7308    i.rfcomm_connect    bt_rfcomm.o
    0x0800f630   0x0800f630   0x00000024   Code   RO         7309    i.rfcomm_connect_ind  bt_rfcomm.o
    0x0800f654   0x0800f654   0x0000004c   Code   RO         7310    i.rfcomm_deinit     bt_rfcomm.o
    0x0800f6a0   0x0800f6a0   0x0000006c   Code   RO         7311    i.rfcomm_disconnect  bt_rfcomm.o
    0x0800f70c   0x0800f70c   0x0000001e   Code   RO         7312    i.rfcomm_disconnect_ind  bt_rfcomm.o
    0x0800f72a   0x0800f72a   0x00000018   Code   RO         7313    i.rfcomm_disconnected  bt_rfcomm.o
    0x0800f742   0x0800f742   0x0000004e   Code   RO         7314    i.rfcomm_dm         bt_rfcomm.o
    0x0800f790   0x0800f790   0x00000060   Code   RO         7315    i.rfcomm_get_active_pcb  bt_rfcomm.o
    0x0800f7f0   0x0800f7f0   0x00000038   Code   RO         7316    i.rfcomm_init       bt_rfcomm.o
    0x0800f828   0x0800f828   0x000005d0   Code   RO         7317    i.rfcomm_input      bt_rfcomm.o
    0x0800fdf8   0x0800fdf8   0x00000088   Code   RO         7318    i.rfcomm_issue_credits  bt_rfcomm.o
    0x0800fe80   0x0800fe80   0x00000034   Code   RO         7319    i.rfcomm_listen     bt_rfcomm.o
    0x0800feb4   0x0800feb4   0x00000080   Code   RO         7320    i.rfcomm_lp_disconnected  bt_rfcomm.o
    0x0800ff34   0x0800ff34   0x00000076   Code   RO         7321    i.rfcomm_msc        bt_rfcomm.o
    0x0800ffaa   0x0800ffaa   0x0000002e   Code   RO         7322    i.rfcomm_new        bt_rfcomm.o
    0x0800ffd8   0x0800ffd8   0x0000008a   Code   RO         7323    i.rfcomm_pn         bt_rfcomm.o
    0x08010062   0x08010062   0x00000002   PAD
    0x08010064   0x08010064   0x0000053e   Code   RO         7324    i.rfcomm_process_msg  bt_rfcomm.o
    0x080105a2   0x080105a2   0x00000004   Code   RO         7325    i.rfcomm_register_disc  bt_rfcomm.o
    0x080105a6   0x080105a6   0x00000004   Code   RO         7326    i.rfcomm_register_recv  bt_rfcomm.o
    0x080105aa   0x080105aa   0x00000002   PAD
    0x080105ac   0x080105ac   0x000000c4   Code   RO         7329    i.rfcomm_tmr        bt_rfcomm.o
    0x08010670   0x08010670   0x0000004e   Code   RO         7330    i.rfcomm_ua         bt_rfcomm.o
    0x080106be   0x080106be   0x00000158   Code   RO         7331    i.rfcomm_uih        bt_rfcomm.o
    0x08010816   0x08010816   0x0000006c   Code   RO         8846    i.ringbuffer_get    ringbuffer.o
    0x08010882   0x08010882   0x00000006   Code   RO         8847    i.ringbuffer_get_read_pos  ringbuffer.o
    0x08010888   0x08010888   0x00000006   Code   RO         8848    i.ringbuffer_get_write_pos  ringbuffer.o
    0x0801088e   0x0801088e   0x0000001e   Code   RO         8849    i.ringbuffer_init   ringbuffer.o
    0x080108ac   0x080108ac   0x00000012   Code   RO         8850    i.ringbuffer_is_empty  ringbuffer.o
    0x080108be   0x080108be   0x0000000a   Code   RO         8852    i.ringbuffer_len    ringbuffer.o
    0x080108c8   0x080108c8   0x00000074   Code   RO         8854    i.ringbuffer_put    ringbuffer.o
    0x0801093c   0x0801093c   0x00000008   Code   RO         8855    i.ringbuffer_reset  ringbuffer.o
    0x08010944   0x08010944   0x0000000e   Code   RO         8856    i.ringbuffer_space_left  ringbuffer.o
    0x08010952   0x08010952   0x00000198   Code   RO         7487    i.sdp_attribute_search  bt_sdp.o
    0x08010aea   0x08010aea   0x00000002   PAD
    0x08010aec   0x08010aec   0x00000024   Code   RO         7488    i.sdp_connect_ind   bt_sdp.o
    0x08010b10   0x08010b10   0x00000098   Code   RO         7489    i.sdp_deinit        bt_sdp.o
    0x08010ba8   0x08010ba8   0x00000026   Code   RO         7490    i.sdp_disconnect_ind  bt_sdp.o
    0x08010bce   0x08010bce   0x00000010   Code   RO         7491    i.sdp_free          bt_sdp.o
    0x08010bde   0x08010bde   0x00000002   PAD
    0x08010be0   0x08010be0   0x00000038   Code   RO         7492    i.sdp_init          bt_sdp.o
    0x08010c18   0x08010c18   0x00000064   Code   RO         7493    i.sdp_lp_disconnected  bt_sdp.o
    0x08010c7c   0x08010c7c   0x00000020   Code   RO         7494    i.sdp_new           bt_sdp.o
    0x08010c9c   0x08010c9c   0x00000020   Code   RO         7495    i.sdp_next_rhdl     bt_sdp.o
    0x08010cbc   0x08010cbc   0x00000014   Code   RO         7496    i.sdp_next_transid  bt_sdp.o
    0x08010cd0   0x08010cd0   0x0000011c   Code   RO         7497    i.sdp_pattern_search  bt_sdp.o
    0x08010dec   0x08010dec   0x0000000e   Code   RO         7498    i.sdp_record_free   bt_sdp.o
    0x08010dfa   0x08010dfa   0x00000024   Code   RO         7499    i.sdp_record_new    bt_sdp.o
    0x08010e1e   0x08010e1e   0x00000002   PAD
    0x08010e20   0x08010e20   0x00000374   Code   RO         7500    i.sdp_recv          bt_sdp.o
    0x08011194   0x08011194   0x00000020   Code   RO         7501    i.sdp_register_service  bt_sdp.o
    0x080111b4   0x080111b4   0x00000128   Code   RO         7503    i.sdp_service_attrib_rsp  bt_sdp.o
    0x080112dc   0x080112dc   0x000000bc   Code   RO         7504    i.sdp_service_search_attrib_req  bt_sdp.o
    0x08011398   0x08011398   0x000001ac   Code   RO         7505    i.sdp_service_search_attrib_rsp  bt_sdp.o
    0x08011544   0x08011544   0x00000170   Code   RO         7507    i.sdp_service_search_rsp  bt_sdp.o
    0x080116b4   0x080116b4   0x00000060   Code   RO         7508    i.sdp_unregister_service  bt_sdp.o
    0x08011714   0x08011714   0x00000020   Code   RO         7509    i.sdp_uuid16_to_uuid128  bt_sdp.o
    0x08011734   0x08011734   0x000003d0   Code   RO         9688    i.shell_at_cmd_parse  main.o
    0x08011b04   0x08011b04   0x000001d0   Code   RO         9689    i.shell_json_parse  main.o
    0x08011cd4   0x08011cd4   0x000000ec   Code   RO         9690    i.shell_parse       main.o
    0x08011dc0   0x08011dc0   0x00000044   Code   RO         9691    i.show_usage        main.o
    0x08011e04   0x08011e04   0x00000020   Code   RO         5365    i.sht2x_protocol_iic_sda_input  hw_sht2x.o
    0x08011e24   0x08011e24   0x00000020   Code   RO         5366    i.sht2x_protocol_iic_sda_output  hw_sht2x.o
    0x08011e44   0x08011e44   0x00000040   Code   RO         5367    i.sht2x_protocol_iic_start  hw_sht2x.o
    0x08011e84   0x08011e84   0x00000040   Code   RO         5368    i.sht2x_protocol_iic_stop  hw_sht2x.o
    0x08011ec4   0x08011ec4   0x0000005c   Code   RO         5369    i.sht2x_protocol_iic_wait_ack  hw_sht2x.o
    0x08011f20   0x08011f20   0x0000006c   Code   RO         5370    i.sht2x_protocol_iic_write_byte  hw_sht2x.o
    0x08011f8c   0x08011f8c   0x0000003c   Code   RO         9034    i.skip_utf8_bom     cjson.o
    0x08011fc8   0x08011fc8   0x00000012   Code   RO         7646    i.spp_close         bt_spp.o
    0x08011fda   0x08011fda   0x00000002   PAD
    0x08011fdc   0x08011fdc   0x00000050   Code   RO         7648    i.spp_connect_cfm   bt_spp.o
    0x0801202c   0x0801202c   0x00000084   Code   RO         7649    i.spp_connect_ind   bt_spp.o
    0x080120b0   0x080120b0   0x00000078   Code   RO         7820    i.spp_connect_realease  bt_wrapper.o
    0x08012128   0x08012128   0x00000074   Code   RO         7821    i.spp_connect_set_up  bt_wrapper.o
    0x0801219c   0x0801219c   0x0000009c   Code   RO         7822    i.spp_data_ind      bt_wrapper.o
    0x08012238   0x08012238   0x00000022   Code   RO         7650    i.spp_disconnect    bt_spp.o
    0x0801225a   0x0801225a   0x0000002e   Code   RO         7651    i.spp_disconnected  bt_spp.o
    0x08012288   0x08012288   0x0000004c   Code   RO         7652    i.spp_get_active_pcb  bt_spp.o
    0x080122d4   0x080122d4   0x0000003e   Code   RO         7653    i.spp_get_rfcomm_cn  bt_spp.o
    0x08012312   0x08012312   0x00000002   PAD
    0x08012314   0x08012314   0x0000004c   Code   RO         7654    i.spp_init          bt_spp.o
    0x08012360   0x08012360   0x0000001c   Code   RO         7655    i.spp_new           bt_spp.o
    0x0801237c   0x0801237c   0x00000050   Code   RO         7656    i.spp_recv_data     bt_spp.o
    0x080123cc   0x080123cc   0x00000198   Code   RO         7657    i.spp_run           bt_spp.o
    0x08012564   0x08012564   0x00000036   Code   RO         7658    i.spp_sdp_attributes_recv  bt_spp.o
    0x0801259a   0x0801259a   0x0000004a   Code   RO         7659    i.spp_send_data     bt_spp.o
    0x080125e4   0x080125e4   0x00000018   Code   RO         9949    i.st_dword          ff.o
    0x080125fc   0x080125fc   0x0000000c   Code   RO         9950    i.st_word           ff.o
    0x08012608   0x08012608   0x0000001c   Code   RO        10292    i.strtod            m_ws.l(strtod.o)
    0x08012624   0x08012624   0x00000006   Code   RO         9035    i.suffix_object     cjson.o
    0x0801262a   0x0801262a   0x0000004a   Code   RO         9952    i.sync_window       ff.o
    0x08012674   0x08012674   0x00000020   Code   RO         4409    i.uart1_dma_enable  hw_uart.o
    0x08012694   0x08012694   0x00000034   Code   RO         9566    i.uart2_dma_enable  bt_phybusif_h4.o
    0x080126c8   0x080126c8   0x0000003c   Code   RO         9567    i.uart_bt_send      bt_phybusif_h4.o
    0x08012704   0x08012704   0x000000e4   Code   RO         9692    i.uart_send_json    main.o
    0x080127e8   0x080127e8   0x00000024   Code   RO         9036    i.update_offset     cjson.o
    0x0801280c   0x0801280c   0x0000012c   Code   RO         9037    i.utf16_literal_to_utf8  cjson.o
    0x08012938   0x08012938   0x00000024   Code   RO         6790    i.utimer_cancel     bt_timer.o
    0x0801295c   0x0801295c   0x00000048   Code   RO         6791    i.utimer_create     bt_timer.o
    0x080129a4   0x080129a4   0x00000014   Code   RO         6792    i.utimer_init       bt_timer.o
    0x080129b8   0x080129b8   0x00000060   Code   RO         6793    i.utimer_polling    bt_timer.o
    0x08012a18   0x08012a18   0x00000d18   Data   RO         4217    .constdata          hw_oled.o
    0x08013730   0x08013730   0x00000092   Data   RO         4815    .constdata          usb_desc.o
    0x080137c2   0x080137c2   0x00000044   Data   RO         6623    .constdata          bt_memp.o
    0x08013806   0x08013806   0x00000300   Data   RO         7118    .constdata          bt_fcs.o
    0x08013b06   0x08013b06   0x0000004e   Data   RO         7510    .constdata          bt_sdp.o
    0x08013b54   0x08013b54   0x00000034   Data   RO         7660    .constdata          bt_spp.o
    0x08013b88   0x08013b88   0x00000119   Data   RO         8354    .constdata          bt_att.o
    0x08013ca1   0x08013ca1   0x0000000f   Data   RO         8677    .constdata          bt_gatt.o
    0x08013cb0   0x08013cb0   0x00000009   Data   RO         9694    .constdata          main.o
    0x08013cb9   0x08013cb9   0x00000001   PAD
    0x08013cba   0x08013cba   0x00000038   Data   RO         9954    .constdata          ff.o
    0x08013cf2   0x08013cf2   0x00000081   Data   RO        10697    .constdata          mc_w.l(ctype_o.o)
    0x08013d73   0x08013d73   0x00000001   PAD
    0x08013d74   0x08013d74   0x00000004   Data   RO        10698    .constdata          mc_w.l(ctype_o.o)
    0x08013d78   0x08013d78   0x00000097   Data   RO         6381    .conststring        bt_l2cap.o
    0x08013e0f   0x08013e0f   0x00000001   PAD
    0x08013e10   0x08013e10   0x00000008   Data   RO         7756    .conststring        bt_vendor_csr8x11.o
    0x08013e18   0x08013e18   0x00000055   Data   RO         8678    .conststring        bt_gatt.o
    0x08013e6d   0x08013e6d   0x00000003   PAD
    0x08013e70   0x08013e70   0x000001ce   Data   RO         9695    .conststring        main.o
    0x0801403e   0x0801403e   0x00000002   PAD
    0x08014040   0x08014040   0x00000020   Data   RO        10739    Region$$Table       anon$$obj.o


    Execution Region RW_IRAM1 (Exec base: 0x20000000, Load base: 0x08014060, Size: 0x0000de60, Max: 0x00010000, ABSOLUTE, COMPRESSED[0x00000328])

    Exec Addr    Load Addr    Size         Type   Attr      Idx    E Section Name        Object

    0x20000000   COMPRESSED   0x00000014   Data   RW           17    .data               system_stm32f10x.o
    0x20000014   COMPRESSED   0x00000014   Data   RW         1944    .data               stm32f10x_rcc.o
    0x20000028   COMPRESSED   0x00000003   Data   RW         3417    .data               usb_core.o
    0x2000002b   COMPRESSED   0x00000001   PAD
    0x2000002c   COMPRESSED   0x00000014   Data   RW         3581    .data               usb_init.o
    0x20000040   COMPRESSED   0x00000004   Data   RW         3620    .data               usb_int.o
    0x20000044   COMPRESSED   0x00000001   Data   RW         4412    .data               hw_uart.o
    0x20000045   COMPRESSED   0x00000003   PAD
    0x20000048   COMPRESSED   0x0000001c   Data   RW         4620    .data               mass_mal.o
    0x20000064   COMPRESSED   0x00000024   Data   RW         4671    .data               memory.o
    0x20000088   COMPRESSED   0x00000078   Data   RW         4717    .data               scsi_data.o
    0x20000100   COMPRESSED   0x0000000c   Data   RW         4755    .data               usb_bot.o
    0x2000010c   COMPRESSED   0x0000001a   Data   RW         4816    .data               usb_desc.o
    0x20000126   COMPRESSED   0x00000002   PAD
    0x20000128   COMPRESSED   0x0000003c   Data   RW         4879    .data               usb_istr.o
    0x20000164   COMPRESSED   0x00000094   Data   RW         4926    .data               usb_prop.o
    0x200001f8   COMPRESSED   0x0000000c   Data   RW         5039    .data               usb_pwr.o
    0x20000204   COMPRESSED   0x00000010   Data   RW         5233    .data               hw_spi_flash.o
    0x20000214   COMPRESSED   0x00000004   Data   RW         5371    .data               hw_sht2x.o
    0x20000218   COMPRESSED   0x00000010   Data   RW         5720    .data               bt_hci.o
    0x20000228   COMPRESSED   0x0000001c   Data   RW         6382    .data               bt_l2cap.o
    0x20000244   COMPRESSED   0x0000000c   Data   RW         7334    .data               bt_rfcomm.o
    0x20000250   COMPRESSED   0x00000018   Data   RW         7511    .data               bt_sdp.o
    0x20000268   COMPRESSED   0x0000000c   Data   RW         7661    .data               bt_spp.o
    0x20000274   COMPRESSED   0x0000012c   Data   RW         7757    .data               bt_vendor_csr8x11.o
    0x200003a0   COMPRESSED   0x000000b8   Data   RW         7824    .data               bt_wrapper.o
    0x20000458   COMPRESSED   0x00000008   Data   RW         8355    .data               bt_att.o
    0x20000460   COMPRESSED   0x000000cc   Data   RW         8598    .data               bt_bas.o
    0x2000052c   COMPRESSED   0x00000064   Data   RW         8679    .data               bt_gatt.o
    0x20000590   COMPRESSED   0x00000014   Data   RW         9039    .data               cjson.o
    0x200005a4   COMPRESSED   0x000000b6   Data   RW         9696    .data               main.o
    0x2000065a   COMPRESSED   0x00000002   PAD
    0x2000065c   COMPRESSED   0x00000008   Data   RW         9830    .data               diskio.o
    0x20000664   COMPRESSED   0x00000006   Data   RW         9955    .data               ff.o
    0x2000066a   COMPRESSED   0x00000002   PAD
    0x2000066c   COMPRESSED   0x00000004   Data   RW        10298    .data               mc_w.l(stdout.o)
    0x20000670   COMPRESSED   0x00000004   Data   RW        10658    .data               mc_w.l(mvars.o)
    0x20000674   COMPRESSED   0x00000004   Data   RW        10659    .data               mc_w.l(mvars.o)
    0x20000678   COMPRESSED   0x00000004   Data   RW        10663    .data               mc_w.l(errno.o)
    0x2000067c        -       0x0000001c   Zero   RW         3580    .bss                usb_init.o
    0x20000698        -       0x00000100   Zero   RW         4411    .bss                hw_uart.o
    0x20000798        -       0x00004000   Zero   RW         4670    .bss                memory.o
    0x20004798        -       0x00000070   Zero   RW         4754    .bss                usb_bot.o
    0x20004808        -       0x00000020   Zero   RW         5038    .bss                usb_pwr.o
    0x20004828        -       0x00001000   Zero   RW         5232    .bss                hw_spi_flash.o
    0x20005828        -       0x00001ea0   Zero   RW         6622    .bss                bt_memp.o
    0x200076c8        -       0x00000400   Zero   RW         6794    .bss                bt_timer.o
    0x20007ac8        -       0x00000107   Zero   RW         7823    .bss                bt_wrapper.o
    0x20007bcf        -       0x0000000a   Zero   RW         8597    .bss                bt_bas.o
    0x20007bd9   COMPRESSED   0x00000003   PAD
    0x20007bdc        -       0x00000140   Zero   RW         8676    .bss                bt_gatt.o
    0x20007d1c        -       0x00001c54   Zero   RW         9568    .bss                bt_phybusif_h4.o
    0x20009970        -       0x000004c0   Zero   RW         9693    .bss                main.o
    0x20009e30        -       0x00002030   Zero   RW        10264    .bss                fs_wrapper.o
    0x2000be60        -       0x00001000   Zero   RW            2    HEAP                startup_stm32f10x_hd.o
    0x2000ce60        -       0x00001000   Zero   RW            1    STACK               startup_stm32f10x_hd.o


==============================================================================

Image component sizes


      Code (inc. data)   RO Data    RW Data    ZI Data      Debug   Object Name

      3074       1504        281          8          0      33056   bt_att.o
       292        116          0        204         10      11405   bt_bas.o
       518         68          0          0          0      16725   bt_common.o
       134         10        768          0          0       3160   bt_fcs.o
      3974       1404        100        100        320      24261   bt_gatt.o
      7296        346          0         16          0     102377   bt_hci.o
      6764        298        151         28          0      37481   bt_l2cap.o
         2          0          0          0          0       2730   bt_mem.o
       204         32         68          0       7840      18221   bt_memp.o
         0          0          0          0          0      13340   bt_obex_client.o
      2536       1064          0          0          0      11722   bt_pbuf.o
      1312        270          0          0       7252       7940   bt_phybusif_h4.o
      5054        102          0         12          0      26749   bt_rfcomm.o
      3548        112         78         24          0      19920   bt_sdp.o
      1600        128         52         12          0      23842   bt_spp.o
       264         28          0          0       1024       3747   bt_timer.o
       178         20          8        300          0       3673   bt_vendor_csr8x11.o
        72         32          0          0          0       1193   bt_vendor_manager.o
      2060        718          0        184        263      21657   bt_wrapper.o
      4830        148          0         20          0      30759   cjson.o
       286         38          0          8          0       8215   diskio.o
      3020        118         56          6          0      32828   ff.o
       160         96          0          0       8240       1430   fs_wrapper.o
       108          6          0          0          0        681   hw_button.o
       220         24          0          0          0       5269   hw_config.o
        52         20          0          0          0        503   hw_exti.o
       100          6          0          0          0        574   hw_led.o
       114          0          0          0          0       2104   hw_misc.o
       888         36       3352          0          0       8085   hw_oled.o
       494         48          0          4          0       4452   hw_sht2x.o
      1744        322          0         16       4096      11478   hw_spi_flash.o
        76         10          0          0          0      25777   hw_systick.o
       444         44          0          1        256       4545   hw_uart.o
      4220       1960        471        182       1216      20574   main.o
       128         14          0         28          0       3222   mass_mal.o
       556         80          0         36      16384       4136   memory.o
       132         22          0          0          0       1703   misc.o
       334          0          0          0          0       7187   ringbuffer.o
         0          0          0          0          0        392   sbc_primitives.o
         0          0          0        120          0       1302   scsi_data.o
        36          8        304          0       8192        876   startup_stm32f10x_hd.o
       428          8          0          0          0       4760   stm32f10x_dma.o
       160         12          0          0          0       1673   stm32f10x_exti.o
       522         10          0          0          0       5948   stm32f10x_gpio.o
       384         56          0         20          0       6919   stm32f10x_rcc.o
       112          0          0          0          0       4058   stm32f10x_spi.o
       212         42          0          0          0       3019   stm32f10x_tim.o
       646         28          0          0          0       8321   stm32f10x_usart.o
       328         28          0         20          0     274597   system_stm32f10x.o
      1172        110          0         12        112       5143   usb_bot.o
      3058        288          0          3          0      19203   usb_core.o
         0          0        146         26          0       1204   usb_desc.o
        16          0          0          0          0       1053   usb_endp.o
        60         24          0         20         28       4482   usb_init.o
       648         32          0          4          0       2048   usb_int.o
       248         26          0         60          0       1744   usb_istr.o
        96         10          0          0          0       2104   usb_mem.o
       686        120          0        148          0      12542   usb_prop.o
       464         52          0         12         32       4320   usb_pwr.o
       684        102          0          0          0      11004   usb_regs.o
      1086        130          0          0          0      10735   usb_scsi.o
       128          8          0          0          0       2538   usb_sil.o

    ----------------------------------------------------------------------
     68090      10338       5874       1644      55268     946706   Object Totals
         0          0         32          0          0          0   (incl. Generated)
       128          0          7         10          3          0   (incl. Padding)

    ----------------------------------------------------------------------

      Code (inc. data)   RO Data    RW Data    ZI Data      Debug   Library Member Name

        28          0          0          0          0         80   strtod.o
        86          0          0          0          0          0   __dczerorl2.o
        28          0          0          0          0         68   _chval.o
       816          6          0          0          0        112   _scanf.o
       332          0          0          0          0         96   _scanf_int.o
       342          0          0          0          0        100   _scanf_longlong.o
       224          0          0          0          0         96   _scanf_str.o
        64          0          0          0          0         84   _sgetc.o
       158          0          0          0          0         92   _strtoul.o
        26          0          0          0          0         80   atoi.o
         8          4        133          0          0         68   ctype_o.o
         0          0          0          0          0          0   entry.o
         0          0          0          0          0          0   entry10a.o
         0          0          0          0          0          0   entry11a.o
         4          0          0          0          0          0   entry12b.o
         8          4          0          0          0          0   entry2.o
         4          0          0          0          0          0   entry5.o
         0          0          0          0          0          0   entry7b.o
         0          0          0          0          0          0   entry8b.o
         8          4          0          0          0          0   entry9a.o
         8          4          0          4          0         68   errno.o
        30          0          0          0          0          0   handlers.o
        36          8          0          0          0         68   init.o
        18          0          0          0          0         76   isspace_o.o
         0          0          0          0          0          0   iusefp.o
        30          0          0          0          0         68   llshl.o
        36          0          0          0          0         68   llsshr.o
        32          0          0          0          0         68   llushr.o
       360         30          0          0          0        356   mallocr.o
        26          0          0          0          0         80   memcmp.o
        40          0          0          0          0         76   memcpy.o
        36          0          0          0          0        108   memseta.o
         0          0          0          8          0          0   mvars.o
      2268         96          0          0          0        616   printfa.o
        40          8          0          0          0         84   scanf_char.o
       878         12          0          0          0        216   scanf_fp.o
        56          8          0          0          0         84   sscanf.o
         0          0          0          4          0          0   stdout.o
        28          0          0          0          0         76   strcmp.o
        18          0          0          0          0         68   strcpy.o
        14          0          0          0          0         68   strlen.o
        30          0          0          0          0         80   strncmp.o
       156         12          0          0          0        120   strtod.o
       112          0          0          0          0         88   strtol.o
        12          0          0          0          0         68   tolower.o
        44          0          0          0          0         80   uidiv.o
        98          0          0          0          0         92   uldiv.o
        48          0          0          0          0         68   cdcmple.o
        48          0          0          0          0         68   cdrcmple.o
        56          0          0          0          0         88   d2f.o
       334          0          0          0          0        148   dadd.o
       222          0          0          0          0        100   ddiv.o
       186          0          0          0          0        176   depilogue.o
        62          0          0          0          0         80   dfixi.o
        48          0          0          0          0         68   dfixul.o
        24          0          0          0          0         76   dfltul.o
       228          0          0          0          0         96   dmul.o
       110          0          0          0          0        168   fepilogue.o

    ----------------------------------------------------------------------
      7918        196        134         16          0       4788   Library Totals
        10          0          1          0          0          0   (incl. Padding)

    ----------------------------------------------------------------------

      Code (inc. data)   RO Data    RW Data    ZI Data      Debug   Library Name

        28          0          0          0          0         80   m_ws.l
      6514        196        133         16          0       3572   mc_w.l
      1366          0          0          0          0       1136   mf_w.l

    ----------------------------------------------------------------------
      7918        196        134         16          0       4788   Library Totals

    ----------------------------------------------------------------------

==============================================================================


      Code (inc. data)   RO Data    RW Data    ZI Data      Debug   

     76008      10534       6008       1660      55268     918290   Grand Totals
     76008      10534       6008        808      55268     918290   ELF Image Totals (compressed)
     76008      10534       6008        808          0          0   ROM Totals

==============================================================================

    Total RO  Size (Code + RO Data)                82016 (  80.09kB)
    Total RW  Size (RW Data + ZI Data)             56928 (  55.59kB)
    Total ROM Size (Code + RO Data + RW Data)      82824 (  80.88kB)

==============================================================================

