<html>
<body>
<pre>
<h1>µVision Build Log</h1>
<h2>Tool Versions:</h2>
IDE-Version: ¦ÌVision V5.35.0.0
Copyright (C) 2021 ARM Ltd and ARM Germany GmbH. All rights reserved.
License Information: liu Administrator, 1, LIC=9WSKC-7MGB2-63RMB-2L0CJ-RF78C-RLIJ8
 
Tool Versions:
Toolchain:       MDK-ARM Plus  Version: 5.35.0.2
Toolchain Path:  C:\Keil_v5\ARM\ARMCC\Bin
C Compiler:      Armcc.exe V5.06 update 7 (build 960)
Assembler:       Armasm.exe V5.06 update 7 (build 960)
Linker/Locator:  ArmLink.exe V5.06 update 7 (build 960)
Library Manager: ArmAr.exe V5.06 update 7 (build 960)
Hex Converter:   FromElf.exe V5.06 update 7 (build 960)
CPU DLL:         SARMCM3.DLL V5.35.0.2
Dialog DLL:      DCM.DLL V1.17.3.0
Target DLL:      STLink\ST-LINKIII-KEIL_SWO.dll V3.0.9.0
Dialog DLL:      TCM.DLL V1.53.0.0
 
<h2>Project:</h2>
C:\Users\Administrator\Documents\GitHub\bluetooth_stack\project\stm32f10x_bb_bt\stm32f10x_bb_bt.uvguix.uvprojx
Project File Date:  07/09/2021

<h2>Output:</h2>
*** Using Compiler 'V5.06 update 7 (build 960)', folder: 'C:\Keil_v5\ARM\ARMCC\Bin'
Rebuild target 'stm32f10x_bb_csr8x11'
assembling startup_stm32f10x_hd.s...
compiling misc.c...
compiling stm32f10x_crc.c...
compiling stm32f10x_adc.c...
compiling stm32f10x_dac.c...
compiling stm32f10x_flash.c...
compiling stm32f10x_bkp.c...
compiling stm32f10x_cec.c...
compiling system_stm32f10x.c...
compiling stm32f10x_fsmc.c...
compiling stm32f10x_gpio.c...
compiling stm32f10x_exti.c...
compiling stm32f10x_dma.c...
compiling stm32f10x_dbgmcu.c...
compiling stm32f10x_i2c.c...
compiling stm32f10x_can.c...
compiling stm32f10x_iwdg.c...
compiling stm32f10x_pwr.c...
compiling stm32f10x_rcc.c...
compiling stm32f10x_rtc.c...
compiling stm32f10x_sdio.c...
compiling stm32f10x_spi.c...
compiling stm32f10x_usart.c...
compiling stm32f10x_wwdg.c...
compiling stm32f10x_tim.c...
compiling usb_core.c...
compiling usb_int.c...
compiling usb_mem.c...
compiling usb_sil.c...
compiling usb_init.c...
compiling usb_regs.c...
compiling hw_led.c...
compiling hw_misc.c...
compiling hw_oled.c...
compiling hw_systick.c...
compiling hw_button.c...
compiling hw_uart.c...
compiling hw_config.c...
compiling mass_mal.c...
compiling hw_exti.c...
compiling bt_common.c...
compiling memory.c...
compiling scsi_data.c...
compiling usb_bot.c...
compiling usb_desc.c...
compiling bt_mem.c...
compiling usb_endp.c...
compiling usb_istr.c...
compiling bt_memp.c...
compiling bt_hci.c...
compiling bt_pbuf.c...
compiling usb_prop.c...
compiling usb_pwr.c...
compiling bt_timer.c...
compiling bt_l2cap.c...
compiling bt_a2dp_sink.c...
compiling usb_scsi.c...
compiling bt_did.c...
compiling bt_avrcp_controller.c...
compiling bt_avctp.c...
compiling bt_fcs.c...
compiling bt_hfp_hf.c...
compiling hw_spi_flash.c...
compiling bt_avdtp.c...
compiling bt_map_client.c...
compiling hw_sht2x.c...
compiling bt_obex_client.c...
compiling bt_pbap_client.c...
compiling bt_vendor_csr8x11.c...
compiling bt_spp.c...
compiling bt_sdp.c...
compiling bt_vendor_manager.c...
compiling bt_wrapper.c...
..\..\component\bluetooth\wrapper\bt_wrapper.c(67): warning:  #177-D: variable "keyboard_key_map"  was declared but never referenced
  static uint8_t keyboard_key_map [] = {
..\..\component\bluetooth\wrapper\bt_wrapper.c(86): warning:  #177-D: variable "hid_device_descriptor"  was declared but never referenced
  static uint8_t hid_device_descriptor[] = {
..\..\component\bluetooth\wrapper\bt_wrapper.c: 2 warnings, 0 errors
compiling bt_rfcomm.c...
compiling bt_vendor_bcm43430a1.c...
compiling bt_hid_device.c...
compiling bt_att.c...
compiling bt_bas.c...
compiling ringbuffer.c...
compiling bt_gatt.c...
compiling sbc.c...
compiling ffsystem.c...
compiling cJSON.c...
compiling ffunicode.c...
compiling sbc_primitives.c...
compiling ff.c...
compiling diskio.c...
compiling bt_phybusif_h4.c...
compiling fs_wrapper.c...
compiling main.c...
linking...
Program Size: Code=76008 RO-data=6008 RW-data=1660 ZI-data=55268  
".\Objects\stm32f10x_bb_bt.axf" - 0 Error(s), 2 Warning(s).

<h2>Software Packages used:</h2>

Package Vendor: Keil
                http://www.keil.com/pack/Keil.STM32F1xx_DFP.1.0.5.pack
                Keil.STM32F1xx_DFP.1.0.5
                STMicroelectronics STM32F1 Series Device Support, Drivers and Examples

<h2>Collection of Component include folders:</h2>
  C:\Users\Administrator\AppData\Local\Arm\Packs\Keil\STM32F1xx_DFP\1.0.5\Device\Include

<h2>Collection of Component Files used:</h2>
Build Time Elapsed:  00:00:09
</pre>
</body>
</html>
